Component: ARM Compiler 5.06 update 7 (build 960) Tool: armlink [4d3601]

==============================================================================

Section Cross References

    startup_stm32f103xb.o(STACK) refers (Special) to heapauxi.o(.text) for __use_two_region_memory
    startup_stm32f103xb.o(HEAP) refers (Special) to heapauxi.o(.text) for __use_two_region_memory
    startup_stm32f103xb.o(RESET) refers (Special) to heapauxi.o(.text) for __use_two_region_memory
    startup_stm32f103xb.o(RESET) refers to startup_stm32f103xb.o(STACK) for __initial_sp
    startup_stm32f103xb.o(RESET) refers to startup_stm32f103xb.o(.text) for Reset_Handler
    startup_stm32f103xb.o(RESET) refers to stm32f1xx_it.o(i.NMI_Handler) for NMI_Handler
    startup_stm32f103xb.o(RESET) refers to stm32f1xx_it.o(i.HardFault_Handler) for HardFault_Handler
    startup_stm32f103xb.o(RESET) refers to stm32f1xx_it.o(i.MemManage_Handler) for MemManage_Handler
    startup_stm32f103xb.o(RESET) refers to stm32f1xx_it.o(i.BusFault_Handler) for BusFault_Handler
    startup_stm32f103xb.o(RESET) refers to stm32f1xx_it.o(i.UsageFault_Handler) for UsageFault_Handler
    startup_stm32f103xb.o(RESET) refers to port.o(.emb_text) for SVC_Handler
    startup_stm32f103xb.o(RESET) refers to stm32f1xx_it.o(i.DebugMon_Handler) for DebugMon_Handler
    startup_stm32f103xb.o(RESET) refers to port.o(i.SysTick_Handler) for SysTick_Handler
    startup_stm32f103xb.o(RESET) refers to stm32f1xx_it.o(i.EXTI1_IRQHandler) for EXTI1_IRQHandler
    startup_stm32f103xb.o(RESET) refers to stm32f1xx_it.o(i.USB_LP_CAN1_RX0_IRQHandler) for USB_LP_CAN1_RX0_IRQHandler
    startup_stm32f103xb.o(RESET) refers to stm32f1xx_it.o(i.TIM1_UP_IRQHandler) for TIM1_UP_IRQHandler
    startup_stm32f103xb.o(RESET) refers to stm32f1xx_it.o(i.I2C1_EV_IRQHandler) for I2C1_EV_IRQHandler
    startup_stm32f103xb.o(RESET) refers to stm32f1xx_it.o(i.I2C1_ER_IRQHandler) for I2C1_ER_IRQHandler
    startup_stm32f103xb.o(.text) refers (Special) to heapauxi.o(.text) for __use_two_region_memory
    startup_stm32f103xb.o(.text) refers to system_stm32f1xx.o(i.SystemInit) for SystemInit
    startup_stm32f103xb.o(.text) refers to __main.o(!!!main) for __main
    startup_stm32f103xb.o(.text) refers to startup_stm32f103xb.o(HEAP) for Heap_Mem
    startup_stm32f103xb.o(.text) refers to startup_stm32f103xb.o(STACK) for Stack_Mem
    adxl357.o(i.ADXL357_INIT) refers to adxl357.o(i.ADXL357_ReadRegister) for ADXL357_ReadRegister
    adxl357.o(i.ADXL357_INIT) refers to adxl357.o(i.ADXL357_WriteRegister) for ADXL357_WriteRegister
    adxl357.o(i.ADXL357_ReadAcc) refers to adxl357.o(i.ADXL357_ReadRegisters) for ADXL357_ReadRegisters
    adxl357.o(i.ADXL357_ReadAcc) refers to fflt_clz.o(x$fpl$ffltu) for __aeabi_ui2f
    adxl357.o(i.ADXL357_ReadAcc) refers to fmul.o(x$fpl$fmul) for __aeabi_fmul
    adxl357.o(i.ADXL357_ReadRegister) refers to stm32f1xx_hal_i2c.o(i.HAL_I2C_Mem_Read) for HAL_I2C_Mem_Read
    adxl357.o(i.ADXL357_ReadRegisters) refers to stm32f1xx_hal_i2c.o(i.HAL_I2C_Mem_Read) for HAL_I2C_Mem_Read
    adxl357.o(i.ADXL357_WriteRegister) refers to stm32f1xx_hal_i2c.o(i.HAL_I2C_Mem_Write) for HAL_I2C_Mem_Write
    main.o(i.HAL_TIM_PeriodElapsedCallback) refers to stm32f1xx_hal.o(i.HAL_IncTick) for HAL_IncTick
    main.o(i.MX_GPIO_Init) refers to stm32f1xx_hal_gpio.o(i.HAL_GPIO_WritePin) for HAL_GPIO_WritePin
    main.o(i.MX_GPIO_Init) refers to stm32f1xx_hal_gpio.o(i.HAL_GPIO_Init) for HAL_GPIO_Init
    main.o(i.MX_GPIO_Init) refers to stm32f1xx_hal_cortex.o(i.HAL_NVIC_SetPriority) for HAL_NVIC_SetPriority
    main.o(i.MX_GPIO_Init) refers to stm32f1xx_hal_cortex.o(i.HAL_NVIC_EnableIRQ) for HAL_NVIC_EnableIRQ
    main.o(i.StartDefaultTask) refers to usb_device.o(i.MX_USB_DEVICE_Init) for MX_USB_DEVICE_Init
    main.o(i.StartDefaultTask) refers to cmsis_os2.o(i.osDelay) for osDelay
    main.o(i.SystemClock_Config) refers to rt_memclr_w.o(.text) for __aeabi_memclr4
    main.o(i.SystemClock_Config) refers to stm32f1xx_hal_rcc.o(i.HAL_RCC_OscConfig) for HAL_RCC_OscConfig
    main.o(i.SystemClock_Config) refers to stm32f1xx_hal_rcc.o(i.HAL_RCC_ClockConfig) for HAL_RCC_ClockConfig
    main.o(i.SystemClock_Config) refers to stm32f1xx_hal_rcc_ex.o(i.HAL_RCCEx_PeriphCLKConfig) for HAL_RCCEx_PeriphCLKConfig
    main.o(i.Task1000msHadler) refers to _printf_percent.o(.ARM.Collect$$_printf_percent$$00000000) for _printf_percent
    main.o(i.Task1000msHadler) refers to _printf_f.o(.ARM.Collect$$_printf_percent$$00000003) for _printf_f
    main.o(i.Task1000msHadler) refers to printf1.o(x$fpl$printf1) for _printf_fp_dec
    main.o(i.Task1000msHadler) refers to tasks.o(i.xTaskGetTickCount) for xTaskGetTickCount
    main.o(i.Task1000msHadler) refers to f2d.o(x$fpl$f2d) for __aeabi_f2d
    main.o(i.Task1000msHadler) refers to noretval__2sprintf.o(.text) for __2sprintf
    main.o(i.Task1000msHadler) refers to strlen.o(.text) for strlen
[...]
    __rt_entry_main                          0x080001cd   Thumb Code     0  __rtentry2.o(.ARM.Collect$$rtentry$$0000000D)
    __rt_entry_postli_1                      0x080001cd   Thumb Code     0  __rtentry2.o(.ARM.Collect$$rtentry$$0000000C)
    __rt_exit                                0x080001d5   Thumb Code     0  rtexit.o(.ARM.Collect$$rtexit$$00000000)
    __rt_exit_ls                             0x080001d7   Thumb Code     0  rtexit2.o(.ARM.Collect$$rtexit$$00000003)
    __rt_exit_prels_1                        0x080001d7   Thumb Code     0  rtexit2.o(.ARM.Collect$$rtexit$$00000002)
    __rt_exit_exit                           0x080001db   Thumb Code     0  rtexit2.o(.ARM.Collect$$rtexit$$00000004)
    SVC_Handler                              0x080001e1   Thumb Code    32  port.o(.emb_text)
    __asm___6_port_c_39a90d8d__prvStartFirstTask 0x08000205   Thumb Code    28  port.o(.emb_text)
    PendSV_Handler                           0x08000225   Thumb Code    72  port.o(.emb_text)
    vPortGetIPSR                             0x08000271   Thumb Code     6  port.o(.emb_text)
    Reset_Handler                            0x08000279   Thumb Code     8  startup_stm32f103xb.o(.text)
    ADC1_2_IRQHandler                        0x08000293   Thumb Code     0  startup_stm32f103xb.o(.text)
    CAN1_RX1_IRQHandler                      0x08000293   Thumb Code     0  startup_stm32f103xb.o(.text)
    CAN1_SCE_IRQHandler                      0x08000293   Thumb Code     0  startup_stm32f103xb.o(.text)
    DMA1_Channel1_IRQHandler                 0x08000293   Thumb Code     0  startup_stm32f103xb.o(.text)
    DMA1_Channel2_IRQHandler                 0x08000293   Thumb Code     0  startup_stm32f103xb.o(.text)
    DMA1_Channel3_IRQHandler                 0x08000293   Thumb Code     0  startup_stm32f103xb.o(.text)
    DMA1_Channel4_IRQHandler                 0x08000293   Thumb Code     0  startup_stm32f103xb.o(.text)
    DMA1_Channel5_IRQHandler                 0x08000293   Thumb Code     0  startup_stm32f103xb.o(.text)
    DMA1_Channel6_IRQHandler                 0x08000293   Thumb Code     0  startup_stm32f103xb.o(.text)
    DMA1_Channel7_IRQHandler                 0x08000293   Thumb Code     0  startup_stm32f103xb.o(.text)
    EXTI0_IRQHandler                         0x08000293   Thumb Code     0  startup_stm32f103xb.o(.text)
    EXTI15_10_IRQHandler                     0x08000293   Thumb Code     0  startup_stm32f103xb.o(.text)
    EXTI2_IRQHandler                         0x08000293   Thumb Code     0  startup_stm32f103xb.o(.text)
    EXTI3_IRQHandler                         0x08000293   Thumb Code     0  startup_stm32f103xb.o(.text)
    EXTI4_IRQHandler                         0x08000293   Thumb Code     0  startup_stm32f103xb.o(.text)
    EXTI9_5_IRQHandler                       0x08000293   Thumb Code     0  startup_stm32f103xb.o(.text)
    FLASH_IRQHandler                         0x08000293   Thumb Code     0  startup_stm32f103xb.o(.text)
    I2C2_ER_IRQHandler                       0x08000293   Thumb Code     0  startup_stm32f103xb.o(.text)
    I2C2_EV_IRQHandler                       0x08000293   Thumb Code     0  startup_stm32f103xb.o(.text)
    PVD_IRQHandler                           0x08000293   Thumb Code     0  startup_stm32f103xb.o(.text)
    RCC_IRQHandler                           0x08000293   Thumb Code     0  startup_stm32f103xb.o(.text)
    RTC_Alarm_IRQHandler                     0x08000293   Thumb Code     0  startup_stm32f103xb.o(.text)
    RTC_IRQHandler                           0x08000293   Thumb Code     0  startup_stm32f103xb.o(.text)
    SPI1_IRQHandler                          0x08000293   Thumb Code     0  startup_stm32f103xb.o(.text)
    SPI2_IRQHandler                          0x08000293   Thumb Code     0  startup_stm32f103xb.o(.text)
    TAMPER_IRQHandler                        0x08000293   Thumb Code     0  startup_stm32f103xb.o(.text)
    TIM1_BRK_IRQHandler                      0x08000293   Thumb Code     0  startup_stm32f103xb.o(.text)
    TIM1_CC_IRQHandler                       0x08000293   Thumb Code     0  startup_stm32f103xb.o(.text)
    TIM1_TRG_COM_IRQHandler                  0x08000293   Thumb Code     0  startup_stm32f103xb.o(.text)
    TIM2_IRQHandler                          0x08000293   Thumb Code     0  startup_stm32f103xb.o(.text)
    TIM3_IRQHandler                          0x08000293   Thumb Code     0  startup_stm32f103xb.o(.text)
    TIM4_IRQHandler                          0x08000293   Thumb Code     0  startup_stm32f103xb.o(.text)
    USART1_IRQHandler                        0x08000293   Thumb Code     0  startup_stm32f103xb.o(.text)
    USART2_IRQHandler                        0x08000293   Thumb Code     0  startup_stm32f103xb.o(.text)
    USART3_IRQHandler                        0x08000293   Thumb Code     0  startup_stm32f103xb.o(.text)
    USBWakeUp_IRQHandler                     0x08000293   Thumb Code     0  startup_stm32f103xb.o(.text)
    USB_HP_CAN1_TX_IRQHandler                0x08000293   Thumb Code     0  startup_stm32f103xb.o(.text)
    WWDG_IRQHandler                          0x08000293   Thumb Code     0  startup_stm32f103xb.o(.text)
    __user_initial_stackheap                 0x08000295   Thumb Code     0  startup_stm32f103xb.o(.text)
    __2sprintf                               0x080002b9   Thumb Code    34  noretval__2sprintf.o(.text)
    __printf                                 0x080002e1   Thumb Code   270  __printf_wp.o(.text)
    strlen                                   0x080003ef   Thumb Code    62  strlen.o(.text)
    __aeabi_memcpy                           0x0800042d   Thumb Code     0  rt_memcpy_v6.o(.text)
    __rt_memcpy                              0x0800042d   Thumb Code   138  rt_memcpy_v6.o(.text)
    _memcpy_lastbytes                        0x08000493   Thumb Code     0  rt_memcpy_v6.o(.text)
    __aeabi_memcpy4                          0x080004b7   Thumb Code     0  rt_memcpy_w.o(.text)
    __aeabi_memcpy8                          0x080004b7   Thumb Code     0  rt_memcpy_w.o(.text)
    __rt_memcpy_w                            0x080004b7   Thumb Code   100  rt_memcpy_w.o(.text)
    _memcpy_lastbytes_aligned                0x080004ff   Thumb Code     0  rt_memcpy_w.o(.text)
    __aeabi_memset                           0x0800051b   Thumb Code    16  aeabi_memset.o(.text)
    __aeabi_memclr4                          0x0800052b   Thumb Code     0  rt_memclr_w.o(.text)
    __aeabi_memclr8                          0x0800052b   Thumb Code     0  rt_memclr_w.o(.text)
    __rt_memclr_w                            0x0800052b   Thumb Code    78  rt_memclr_w.o(.text)
    _memset_w                                0x0800052f   Thumb Code     0  rt_memclr_w.o(.text)
    __use_two_region_memory                  0x08000579   Thumb Code     2  heapauxi.o(.text)
    __rt_heap_escrow$2region                 0x0800057b   Thumb Code     2  heapauxi.o(.text)
    __rt_heap_expand$2region                 0x0800057d   Thumb Code     2  heapauxi.o(.text)
    __lib_sel_fp_printf                      0x0800057f   Thumb Code     2  _printf_fp_dec.o(.text)
    _printf_fp_dec_real                      0x08000731   Thumb Code   620  _printf_fp_dec.o(.text)
    _printf_char_common                      0x080009a7   Thumb Code    32  _printf_char_common.o(.text)
    _sputc                                   0x080009cd   Thumb Code    10  _sputc.o(.text)
    __aeabi_memclr                           0x080009d7   Thumb Code     0  rt_memclr.o(.text)
    __rt_memclr                              0x080009d7   Thumb Code    68  rt_memclr.o(.text)
    _memset                                  0x080009db   Thumb Code     0  rt_memclr.o(.text)
    __rt_locale                              0x08000a1d   Thumb Code     8  rt_locale_intlibspace.o(.text)
    _ll_udiv10                               0x08000a25   Thumb Code   138  lludiv10.o(.text)
    _printf_fp_infnan                        0x08000ab1   Thumb Code   112  _printf_fp_infnan.o(.text)
    _btod_etento                             0x08000b31   Thumb Code   224  bigflt0.o(.text)
    __user_libspace                          0x08000c15   Thumb Code     8  libspace.o(.text)
    __user_perproc_libspace                  0x08000c15   Thumb Code     0  libspace.o(.text)
    __user_perthread_libspace                0x08000c15   Thumb Code     0  libspace.o(.text)
    __user_setup_stackheap                   0x08000c1d   Thumb Code    74  sys_stackheap_outer.o(.text)
    exit                                     0x08000c67   Thumb Code    18  exit.o(.text)
    strcmp                                   0x08000c79   Thumb Code   128  strcmpv7m.o(.text)
    _sys_exit                                0x08000cf9   Thumb Code     8  sys_exit.o(.text)
    __I$use$semihosting                      0x08000d05   Thumb Code     0  use_no_semi.o(.text)
    __use_no_semihosting_swi                 0x08000d05   Thumb Code     2  use_no_semi.o(.text)
    __semihosting_library_function           0x08000d07   Thumb Code     0  indicate_semi.o(.text)
    _btod_d2e                                0x08000d07   Thumb Code    62  btod.o(CL$$btod_d2e)
    _d2e_denorm_low                          0x08000d45   Thumb Code    70  btod.o(CL$$btod_d2e_denorm_low)
    _d2e_norm_op1                            0x08000d8b   Thumb Code    96  btod.o(CL$$btod_d2e_norm_op1)
    __btod_div_common                        0x08000deb   Thumb Code   696  btod.o(CL$$btod_div_common)
    _e2e                                     0x08001123   Thumb Code   220  btod.o(CL$$btod_e2e)
    _btod_ediv                               0x080011ff   Thumb Code    42  btod.o(CL$$btod_ediv)
    _btod_emul                               0x08001229   Thumb Code    42  btod.o(CL$$btod_emul)
    __btod_mult_common                       0x08001253   Thumb Code   580  btod.o(CL$$btod_mult_common)
    ADXL357_INIT                             0x08001499   Thumb Code   192  adxl357.o(i.ADXL357_INIT)
    ADXL357_ReadAcc                          0x08001565   Thumb Code   192  adxl357.o(i.ADXL357_ReadAcc)
    ADXL357_ReadRegister                     0x08001629   Thumb Code    28  adxl357.o(i.ADXL357_ReadRegister)
    ADXL357_ReadRegisters                    0x08001645   Thumb Code    24  adxl357.o(i.ADXL357_ReadRegisters)
    ADXL357_WriteRegister                    0x0800165d   Thumb Code    28  adxl357.o(i.ADXL357_WriteRegister)
    BusFault_Handler                         0x08001679   Thumb Code     2  stm32f1xx_it.o(i.BusFault_Handler)
    CDC_Transmit_FS                          0x080016c1   Thumb Code    38  usbd_cdc_if.o(i.CDC_Transmit_FS)
    DebugMon_Handler                         0x080016ed   Thumb Code     2  stm32f1xx_it.o(i.DebugMon_Handler)
    EXTI1_IRQHandler                         0x080016ef   Thumb Code     6  stm32f1xx_it.o(i.EXTI1_IRQHandler)
    Error_Handler                            0x080016f5   Thumb Code     4  main.o(i.Error_Handler)
    HAL_DMA_Abort_IT                         0x080016f9   Thumb Code   148  stm32f1xx_hal_dma.o(i.HAL_DMA_Abort_IT)
    HAL_DMA_GetState                         0x08001791   Thumb Code     6  stm32f1xx_hal_dma.o(i.HAL_DMA_GetState)
    HAL_GPIO_EXTI_Callback                   0x08001797   Thumb Code     2  stm32f1xx_hal_gpio.o(i.HAL_GPIO_EXTI_Callback)
    HAL_GPIO_EXTI_IRQHandler                 0x08001799   Thumb Code    18  stm32f1xx_hal_gpio.o(i.HAL_GPIO_EXTI_IRQHandler)
    HAL_GPIO_Init                            0x080017b1   Thumb Code   446  stm32f1xx_hal_gpio.o(i.HAL_GPIO_Init)
    HAL_GPIO_TogglePin                       0x08001991   Thumb Code    16  stm32f1xx_hal_gpio.o(i.HAL_GPIO_TogglePin)
    HAL_GPIO_WritePin                        0x080019a1   Thumb Code    10  stm32f1xx_hal_gpio.o(i.HAL_GPIO_WritePin)
    HAL_GetTick                              0x080019ad   Thumb Code     6  stm32f1xx_hal.o(i.HAL_GetTick)
    HAL_I2C_AbortCpltCallback                0x080019b9   Thumb Code     2  stm32f1xx_hal_i2c.o(i.HAL_I2C_AbortCpltCallback)
    HAL_I2C_AddrCallback                     0x080019bb   Thumb Code     2  stm32f1xx_hal_i2c.o(i.HAL_I2C_AddrCallback)
    HAL_I2C_ER_IRQHandler                    0x080019bd   Thumb Code   196  stm32f1xx_hal_i2c.o(i.HAL_I2C_ER_IRQHandler)
    HAL_I2C_EV_IRQHandler                    0x08001a81   Thumb Code   560  stm32f1xx_hal_i2c.o(i.HAL_I2C_EV_IRQHandler)
    HAL_I2C_ErrorCallback                    0x08001cb1   Thumb Code     2  stm32f1xx_hal_i2c.o(i.HAL_I2C_ErrorCallback)
    HAL_I2C_Init                             0x08001cb5   Thumb Code   376  stm32f1xx_hal_i2c.o(i.HAL_I2C_Init)
    HAL_I2C_ListenCpltCallback               0x08001e3d   Thumb Code     2  stm32f1xx_hal_i2c.o(i.HAL_I2C_ListenCpltCallback)
    HAL_I2C_MasterRxCpltCallback             0x08001e3f   Thumb Code     2  stm32f1xx_hal_i2c.o(i.HAL_I2C_MasterRxCpltCallback)
    HAL_I2C_MasterTxCpltCallback             0x08001e41   Thumb Code     2  stm32f1xx_hal_i2c.o(i.HAL_I2C_MasterTxCpltCallback)
    HAL_I2C_MemRxCpltCallback                0x08001e43   Thumb Code     2  stm32f1xx_hal_i2c.o(i.HAL_I2C_MemRxCpltCallback)
    HAL_I2C_MemTxCpltCallback                0x08001e45   Thumb Code     2  stm32f1xx_hal_i2c.o(i.HAL_I2C_MemTxCpltCallback)
    HAL_I2C_Mem_Read                         0x08001e49   Thumb Code   574  stm32f1xx_hal_i2c.o(i.HAL_I2C_Mem_Read)
    HAL_I2C_Mem_Write                        0x08002099   Thumb Code   294  stm32f1xx_hal_i2c.o(i.HAL_I2C_Mem_Write)
    HAL_I2C_MspInit                          0x080021c9   Thumb Code   112  stm32f1xx_hal_msp.o(i.HAL_I2C_MspInit)
    HAL_I2C_SlaveRxCpltCallback              0x08002245   Thumb Code     2  stm32f1xx_hal_i2c.o(i.HAL_I2C_SlaveRxCpltCallback)
    HAL_I2C_SlaveTxCpltCallback              0x08002247   Thumb Code     2  stm32f1xx_hal_i2c.o(i.HAL_I2C_SlaveTxCpltCallback)
    HAL_IncTick                              0x08002249   Thumb Code    12  stm32f1xx_hal.o(i.HAL_IncTick)
    HAL_Init                                 0x08002259   Thumb Code    32  stm32f1xx_hal.o(i.HAL_Init)
    HAL_InitTick                             0x0800227d   Thumb Code   118  stm32f1xx_hal_timebase_tim.o(i.HAL_InitTick)
    HAL_MspInit                              0x08002309   Thumb Code    62  stm32f1xx_hal_msp.o(i.HAL_MspInit)
    HAL_NVIC_EnableIRQ                       0x08002351   Thumb Code    26  stm32f1xx_hal_cortex.o(i.HAL_NVIC_EnableIRQ)
    HAL_NVIC_SetPriority                     0x0800236d   Thumb Code    60  stm32f1xx_hal_cortex.o(i.HAL_NVIC_SetPriority)
    HAL_NVIC_SetPriorityGrouping             0x080023ad   Thumb Code    26  stm32f1xx_hal_cortex.o(i.HAL_NVIC_SetPriorityGrouping)
    HAL_PCDEx_PMAConfig                      0x080023d1   Thumb Code    60  stm32f1xx_hal_pcd_ex.o(i.HAL_PCDEx_PMAConfig)
    HAL_PCDEx_SetConnectionState             0x0800240d   Thumb Code     2  usbd_conf.o(i.HAL_PCDEx_SetConnectionState)
    HAL_PCD_DataInStageCallback              0x0800240f   Thumb Code    18  usbd_conf.o(i.HAL_PCD_DataInStageCallback)
    HAL_PCD_DataOutStageCallback             0x08002421   Thumb Code    20  usbd_conf.o(i.HAL_PCD_DataOutStageCallback)
    HAL_PCD_EP_Close                         0x08002435   Thumb Code    76  stm32f1xx_hal_pcd.o(i.HAL_PCD_EP_Close)
    HAL_PCD_EP_ClrStall                      0x08002481   Thumb Code    92  stm32f1xx_hal_pcd.o(i.HAL_PCD_EP_ClrStall)
    HAL_PCD_EP_GetRxCount                    0x080028fb   Thumb Code    18  stm32f1xx_hal_pcd.o(i.HAL_PCD_EP_GetRxCount)
    HAL_PCD_EP_Open                          0x0800290d   Thumb Code    90  stm32f1xx_hal_pcd.o(i.HAL_PCD_EP_Open)
    HAL_PCD_EP_Receive                       0x08002967   Thumb Code    46  stm32f1xx_hal_pcd.o(i.HAL_PCD_EP_Receive)
    HAL_PCD_EP_SetStall                      0x08002995   Thumb Code   114  stm32f1xx_hal_pcd.o(i.HAL_PCD_EP_SetStall)
    HAL_PCD_EP_Transmit                      0x08002a07   Thumb Code    48  stm32f1xx_hal_pcd.o(i.HAL_PCD_EP_Transmit)
    HAL_PCD_IRQHandler                       0x08002a39   Thumb Code   308  stm32f1xx_hal_pcd.o(i.HAL_PCD_IRQHandler)
    HAL_PCD_Init                             0x08002b6d   Thumb Code   218  stm32f1xx_hal_pcd.o(i.HAL_PCD_Init)
    HAL_PCD_MspInit                          0x08002c49   Thumb Code    50  usbd_conf.o(i.HAL_PCD_MspInit)
    HAL_PCD_ResetCallback                    0x08002c85   Thumb Code    38  usbd_conf.o(i.HAL_PCD_ResetCallback)
    HAL_PCD_ResumeCallback                   0x08002cab   Thumb Code     8  usbd_conf.o(i.HAL_PCD_ResumeCallback)
    HAL_PCD_SOFCallback                      0x08002cb3   Thumb Code     8  usbd_conf.o(i.HAL_PCD_SOFCallback)
    HAL_PCD_SetAddress                       0x08002cbb   Thumb Code    40  stm32f1xx_hal_pcd.o(i.HAL_PCD_SetAddress)
    HAL_PCD_SetupStageCallback               0x08002ce3   Thumb Code    14  usbd_conf.o(i.HAL_PCD_SetupStageCallback)
    HAL_PCD_Start                            0x08002cf1   Thumb Code    50  stm32f1xx_hal_pcd.o(i.HAL_PCD_Start)
    HAL_PCD_SuspendCallback                  0x08002d25   Thumb Code    30  usbd_conf.o(i.HAL_PCD_SuspendCallback)
    HAL_RCCEx_PeriphCLKConfig                0x08002d49   Thumb Code   224  stm32f1xx_hal_rcc_ex.o(i.HAL_RCCEx_PeriphCLKConfig)
    HAL_RCC_ClockConfig                      0x08002e35   Thumb Code   280  stm32f1xx_hal_rcc.o(i.HAL_RCC_ClockConfig)
    HAL_RCC_GetClockConfig                   0x08002f61   Thumb Code    54  stm32f1xx_hal_rcc.o(i.HAL_RCC_GetClockConfig)
    HAL_RCC_GetPCLK1Freq                     0x08002fa1   Thumb Code    20  stm32f1xx_hal_rcc.o(i.HAL_RCC_GetPCLK1Freq)
    HAL_RCC_GetPCLK2Freq                     0x08002fc1   Thumb Code    20  stm32f1xx_hal_rcc.o(i.HAL_RCC_GetPCLK2Freq)
    HAL_RCC_GetSysClockFreq                  0x08002fe1   Thumb Code    58  stm32f1xx_hal_rcc.o(i.HAL_RCC_GetSysClockFreq)
    HAL_RCC_OscConfig                        0x0800302d   Thumb Code   778  stm32f1xx_hal_rcc.o(i.HAL_RCC_OscConfig)
    HAL_TIMEx_BreakCallback                  0x0800334d   Thumb Code     2  stm32f1xx_hal_tim_ex.o(i.HAL_TIMEx_BreakCallback)
    HAL_TIMEx_CommutCallback                 0x0800334f   Thumb Code     2  stm32f1xx_hal_tim_ex.o(i.HAL_TIMEx_CommutCallback)
    HAL_TIM_Base_Init                        0x08003351   Thumb Code    90  stm32f1xx_hal_tim.o(i.HAL_TIM_Base_Init)
    HAL_TIM_Base_MspInit                     0x080033ab   Thumb Code     2  stm32f1xx_hal_tim.o(i.HAL_TIM_Base_MspInit)
    HAL_TIM_Base_Start_IT                    0x080033ad   Thumb Code    76  stm32f1xx_hal_tim.o(i.HAL_TIM_Base_Start_IT)
    HAL_TIM_IC_CaptureCallback               0x08003405   Thumb Code     2  stm32f1xx_hal_tim.o(i.HAL_TIM_IC_CaptureCallback)
    HAL_TIM_IRQHandler                       0x08003407   Thumb Code   358  stm32f1xx_hal_tim.o(i.HAL_TIM_IRQHandler)
    HAL_TIM_OC_DelayElapsedCallback          0x0800356d   Thumb Code     2  stm32f1xx_hal_tim.o(i.HAL_TIM_OC_DelayElapsedCallback)
    HAL_TIM_PWM_PulseFinishedCallback        0x0800356f   Thumb Code     2  stm32f1xx_hal_tim.o(i.HAL_TIM_PWM_PulseFinishedCallback)
    HAL_TIM_PeriodElapsedCallback            0x08003571   Thumb Code    14  main.o(i.HAL_TIM_PeriodElapsedCallback)
    HAL_TIM_TriggerCallback                  0x08003585   Thumb Code     2  stm32f1xx_hal_tim.o(i.HAL_TIM_TriggerCallback)
    HardFault_Handler                        0x08003587   Thumb Code     2  stm32f1xx_it.o(i.HardFault_Handler)
    I2C1_ER_IRQHandler                       0x08003589   Thumb Code     6  stm32f1xx_it.o(i.I2C1_ER_IRQHandler)
    I2C1_EV_IRQHandler                       0x08003595   Thumb Code     6  stm32f1xx_it.o(i.I2C1_EV_IRQHandler)
    MX_USB_DEVICE_Init                       0x08004499   Thumb Code    66  usb_device.o(i.MX_USB_DEVICE_Init)
    MemManage_Handler                        0x080044ed   Thumb Code     2  stm32f1xx_it.o(i.MemManage_Handler)
    NMI_Handler                              0x080044ef   Thumb Code     2  stm32f1xx_it.o(i.NMI_Handler)
    StartDefaultTask                         0x0800489d   Thumb Code    12  main.o(i.StartDefaultTask)
    SysTick_Handler                          0x080048a9   Thumb Code    38  port.o(i.SysTick_Handler)
    SystemClock_Config                       0x080048d5   Thumb Code   118  main.o(i.SystemClock_Config)
    SystemInit                               0x0800494b   Thumb Code     2  system_stm32f1xx.o(i.SystemInit)
    TIM1_UP_IRQHandler                       0x0800494d   Thumb Code     6  stm32f1xx_it.o(i.TIM1_UP_IRQHandler)
    TIM_Base_SetConfig                       0x08004959   Thumb Code    94  stm32f1xx_hal_tim.o(i.TIM_Base_SetConfig)
    Task1000msHadler                         0x080049c5   Thumb Code    88  main.o(i.Task1000msHadler)
    Task1msHandler                           0x08004a51   Thumb Code    24  main.o(i.Task1msHandler)
    Task500msHadler                          0x08004a6d   Thumb Code    36  main.o(i.Task500msHadler)
    USBD_CDC_GetDeviceQualifierDescriptor    0x08004b71   Thumb Code     8  usbd_cdc.o(i.USBD_CDC_GetDeviceQualifierDescriptor)
    USBD_CDC_ReceivePacket                   0x08004c35   Thumb Code    40  usbd_cdc.o(i.USBD_CDC_ReceivePacket)
    USBD_CDC_RegisterInterface               0x08004c5d   Thumb Code    16  usbd_cdc.o(i.USBD_CDC_RegisterInterface)
    USBD_CDC_SetRxBuffer                     0x08004c6d   Thumb Code    12  usbd_cdc.o(i.USBD_CDC_SetRxBuffer)
    USBD_CDC_SetTxBuffer                     0x08004c79   Thumb Code    16  usbd_cdc.o(i.USBD_CDC_SetTxBuffer)
    USBD_CDC_TransmitPacket                  0x08004d35   Thumb Code    54  usbd_cdc.o(i.USBD_CDC_TransmitPacket)
    USBD_ClrClassConfig                      0x08004d6b   Thumb Code    14  usbd_core.o(i.USBD_ClrClassConfig)
    USBD_CtlContinueRx                       0x08004d79   Thumb Code    16  usbd_ioreq.o(i.USBD_CtlContinueRx)
    USBD_CtlContinueSendData                 0x08004d89   Thumb Code    16  usbd_ioreq.o(i.USBD_CtlContinueSendData)
    USBD_CtlError                            0x08004d99   Thumb Code    22  usbd_ctlreq.o(i.USBD_CtlError)
    USBD_CtlPrepareRx                        0x08004daf   Thumb Code    30  usbd_ioreq.o(i.USBD_CtlPrepareRx)
    USBD_CtlReceiveStatus                    0x08004dcd   Thumb Code    22  usbd_ioreq.o(i.USBD_CtlReceiveStatus)
    USBD_CtlSendData                         0x08004de3   Thumb Code    26  usbd_ioreq.o(i.USBD_CtlSendData)
    USBD_CtlSendStatus                       0x08004dfd   Thumb Code    22  usbd_ioreq.o(i.USBD_CtlSendStatus)
    USBD_FS_ConfigStrDescriptor              0x08004e15   Thumb Code    16  usbd_desc.o(i.USBD_FS_ConfigStrDescriptor)
    USBD_FS_DeviceDescriptor                 0x08004e35   Thumb Code     8  usbd_desc.o(i.USBD_FS_DeviceDescriptor)
    USBD_FS_InterfaceStrDescriptor           0x08004e41   Thumb Code    16  usbd_desc.o(i.USBD_FS_InterfaceStrDescriptor)
    USBD_FS_LangIDStrDescriptor              0x08004e65   Thumb Code     8  usbd_desc.o(i.USBD_FS_LangIDStrDescriptor)
    USBD_FS_ManufacturerStrDescriptor        0x08004e71   Thumb Code    16  usbd_desc.o(i.USBD_FS_ManufacturerStrDescriptor)
    USBD_FS_ProductStrDescriptor             0x08004e99   Thumb Code    16  usbd_desc.o(i.USBD_FS_ProductStrDescriptor)
    USBD_FS_SerialStrDescriptor              0x08004ec5   Thumb Code    48  usbd_desc.o(i.USBD_FS_SerialStrDescriptor)
    USBD_GetString                           0x08004fe5   Thumb Code    72  usbd_ctlreq.o(i.USBD_GetString)
    USBD_Init                                0x08005045   Thumb Code    42  usbd_core.o(i.USBD_Init)
    USBD_LL_ClearStallEP                     0x0800506f   Thumb Code    18  usbd_conf.o(i.USBD_LL_ClearStallEP)
    USBD_LL_CloseEP                          0x08005081   Thumb Code    18  usbd_conf.o(i.USBD_LL_CloseEP)
    USBD_LL_DataInStage                      0x08005093   Thumb Code   198  usbd_core.o(i.USBD_LL_DataInStage)
    USBD_LL_DataOutStage                     0x08005159   Thumb Code   130  usbd_core.o(i.USBD_LL_DataOutStage)
    USBD_LL_GetRxDataSize                    0x080051db   Thumb Code     8  usbd_conf.o(i.USBD_LL_GetRxDataSize)
    USBD_LL_Init                             0x080051e5   Thumb Code   118  usbd_conf.o(i.USBD_LL_Init)
    USBD_LL_IsStallEP                        0x08005265   Thumb Code    32  usbd_conf.o(i.USBD_LL_IsStallEP)
    USBD_LL_OpenEP                           0x08005285   Thumb Code    24  usbd_conf.o(i.USBD_LL_OpenEP)
    USBD_LL_PrepareReceive                   0x0800529d   Thumb Code    18  usbd_conf.o(i.USBD_LL_PrepareReceive)
    USBD_LL_Reset                            0x080052af   Thumb Code    80  usbd_core.o(i.USBD_LL_Reset)
    USBD_LL_Resume                           0x080052ff   Thumb Code    20  usbd_core.o(i.USBD_LL_Resume)
    USBD_LL_SOF                              0x08005313   Thumb Code    24  usbd_core.o(i.USBD_LL_SOF)
    USBD_LL_SetSpeed                         0x0800532b   Thumb Code     6  usbd_core.o(i.USBD_LL_SetSpeed)
    USBD_LL_SetUSBAddress                    0x08005331   Thumb Code    18  usbd_conf.o(i.USBD_LL_SetUSBAddress)
    USBD_LL_SetupStage                       0x08005343   Thumb Code    90  usbd_core.o(i.USBD_LL_SetupStage)
    USBD_LL_StallEP                          0x0800539d   Thumb Code    18  usbd_conf.o(i.USBD_LL_StallEP)
    USBD_LL_Start                            0x080053af   Thumb Code    18  usbd_conf.o(i.USBD_LL_Start)
    USBD_LL_Suspend                          0x080053c1   Thumb Code    18  usbd_core.o(i.USBD_LL_Suspend)
    USBD_LL_Transmit                         0x080053d3   Thumb Code    18  usbd_conf.o(i.USBD_LL_Transmit)
    USBD_ParseSetupRequest                   0x080053e5   Thumb Code    40  usbd_ctlreq.o(i.USBD_ParseSetupRequest)
    USBD_RegisterClass                       0x0800540d   Thumb Code    16  usbd_core.o(i.USBD_RegisterClass)
    USBD_SetClassConfig                      0x0800541d   Thumb Code    22  usbd_core.o(i.USBD_SetClassConfig)
    USBD_Start                               0x080054b9   Thumb Code    10  usbd_core.o(i.USBD_Start)
    USBD_StdDevReq                           0x080054c3   Thumb Code   274  usbd_ctlreq.o(i.USBD_StdDevReq)
    USBD_StdEPReq                            0x080055d5   Thumb Code   336  usbd_ctlreq.o(i.USBD_StdEPReq)
    USBD_StdItfReq                           0x08005725   Thumb Code    78  usbd_ctlreq.o(i.USBD_StdItfReq)
    USBD_static_free                         0x08005773   Thumb Code     2  usbd_conf.o(i.USBD_static_free)
    USBD_static_malloc                       0x08005775   Thumb Code     4  usbd_conf.o(i.USBD_static_malloc)
    USB_ActivateEndpoint                     0x0800577d   Thumb Code   668  stm32f1xx_ll_usb.o(i.USB_ActivateEndpoint)
    USB_CoreInit                             0x08005a19   Thumb Code     4  stm32f1xx_ll_usb.o(i.USB_CoreInit)
    USB_DeactivateEndpoint                   0x08005a1d   Thumb Code   270  stm32f1xx_ll_usb.o(i.USB_DeactivateEndpoint)
    USB_DevConnect                           0x08005b2b   Thumb Code     4  stm32f1xx_ll_usb.o(i.USB_DevConnect)
    USB_DevDisconnect                        0x08005b2f   Thumb Code     4  stm32f1xx_ll_usb.o(i.USB_DevDisconnect)
    USB_DevInit                              0x08005b33   Thumb Code    18  stm32f1xx_ll_usb.o(i.USB_DevInit)
    USB_DisableGlobalInt                     0x08005b45   Thumb Code    14  stm32f1xx_ll_usb.o(i.USB_DisableGlobalInt)
    USB_EP0_OutStart                         0x08005b53   Thumb Code     4  stm32f1xx_ll_usb.o(i.USB_EP0_OutStart)
    USB_EPClearStall                         0x08005b57   Thumb Code   120  stm32f1xx_ll_usb.o(i.USB_EPClearStall)
    USB_EPSetStall                           0x08005bcf   Thumb Code    50  stm32f1xx_ll_usb.o(i.USB_EPSetStall)
    USB_EPStartXfer                          0x08005c01   Thumb Code  1250  stm32f1xx_ll_usb.o(i.USB_EPStartXfer)
    USB_EnableGlobalInt                      0x080060e3   Thumb Code    18  stm32f1xx_ll_usb.o(i.USB_EnableGlobalInt)
    USB_LP_CAN1_RX0_IRQHandler               0x080060f5   Thumb Code     6  stm32f1xx_it.o(i.USB_LP_CAN1_RX0_IRQHandler)
    USB_ReadInterrupts                       0x08006101   Thumb Code     6  stm32f1xx_ll_usb.o(i.USB_ReadInterrupts)
    USB_ReadPMA                              0x08006109   Thumb Code    44  stm32f1xx_ll_usb.o(i.USB_ReadPMA)
    USB_SetCurrentMode                       0x08006135   Thumb Code     4  stm32f1xx_ll_usb.o(i.USB_SetCurrentMode)
    USB_SetDevAddress                        0x08006139   Thumb Code    12  stm32f1xx_ll_usb.o(i.USB_SetDevAddress)
    USB_WritePMA                             0x08006145   Thumb Code    38  stm32f1xx_ll_usb.o(i.USB_WritePMA)
    UsageFault_Handler                       0x0800616b   Thumb Code     2  stm32f1xx_it.o(i.UsageFault_Handler)
    __ARM_fpclassify                         0x0800616d   Thumb Code    40  fpclassify.o(i.__ARM_fpclassify)
    _is_digit                                0x080061b5   Thumb Code    14  __printf_wp.o(i._is_digit)
    main                                     0x080061c5   Thumb Code   168  main.o(i.main)
    osDelay                                  0x080062f5   Thumb Code    46  cmsis_os2.o(i.osDelay)
    osKernelInitialize                       0x08006329   Thumb Code    50  cmsis_os2.o(i.osKernelInitialize)
    osKernelStart                            0x08006361   Thumb Code    58  cmsis_os2.o(i.osKernelStart)
    osThreadNew                              0x080063a1   Thumb Code   160  cmsis_os2.o(i.osThreadNew)
    pvPortMalloc                             0x08006b89   Thumb Code   210  heap_4.o(i.pvPortMalloc)
    pxPortInitialiseStack                    0x08006c61   Thumb Code    32  port.o(i.pxPortInitialiseStack)
    uxListRemove                             0x08006c85   Thumb Code    38  list.o(i.uxListRemove)
    vApplicationGetIdleTaskMemory            0x08006cad   Thumb Code    16  cmsis_os2.o(i.vApplicationGetIdleTaskMemory)
    vApplicationGetTimerTaskMemory           0x08006cc1   Thumb Code    18  cmsis_os2.o(i.vApplicationGetTimerTaskMemory)
    vListInitialise                          0x08006cd9   Thumb Code    22  list.o(i.vListInitialise)
    vListInitialiseItem                      0x08006cef   Thumb Code     6  list.o(i.vListInitialiseItem)
    vListInsert                              0x08006cf5   Thumb Code    48  list.o(i.vListInsert)
    vListInsertEnd                           0x08006d25   Thumb Code    24  list.o(i.vListInsertEnd)
    vPortEnterCritical                       0x08006d3d   Thumb Code    54  port.o(i.vPortEnterCritical)
    vPortExitCritical                        0x08006d7d   Thumb Code    34  port.o(i.vPortExitCritical)
    vPortFree                                0x08006da5   Thumb Code    88  heap_4.o(i.vPortFree)
    vPortSetupTimerInterrupt                 0x08006e01   Thumb Code    32  port.o(i.vPortSetupTimerInterrupt)
    vPortValidateInterruptPriority           0x08006e25   Thumb Code    74  port.o(i.vPortValidateInterruptPriority)
    vQueueAddToRegistry                      0x08006e79   Thumb Code    34  queue.o(i.vQueueAddToRegistry)
    vQueueWaitForMessageRestricted           0x08006ea1   Thumb Code    68  queue.o(i.vQueueWaitForMessageRestricted)
    vTaskDelay                               0x08006ee5   Thumb Code    66  tasks.o(i.vTaskDelay)
    vTaskDelayUntil                          0x08006f31   Thumb Code   132  tasks.o(i.vTaskDelayUntil)
    vTaskInternalSetTimeOutState             0x08006fbd   Thumb Code    12  tasks.o(i.vTaskInternalSetTimeOutState)
    vTaskMissedYield                         0x08006fcd   Thumb Code     8  tasks.o(i.vTaskMissedYield)
    vTaskPlaceOnEventList                    0x08006fd9   Thumb Code    44  tasks.o(i.vTaskPlaceOnEventList)
    vTaskPlaceOnEventListRestricted          0x08007009   Thumb Code    52  tasks.o(i.vTaskPlaceOnEventListRestricted)
    vTaskStartScheduler                      0x08007041   Thumb Code   118  tasks.o(i.vTaskStartScheduler)
    vTaskSuspendAll                          0x080070c9   Thumb Code    10  tasks.o(i.vTaskSuspendAll)
    vTaskSwitchContext                       0x080070d9   Thumb Code    90  tasks.o(i.vTaskSwitchContext)
    xPortStartScheduler                      0x0800713d   Thumb Code   154  port.o(i.xPortStartScheduler)
    xQueueGenericCreateStatic                0x080071e5   Thumb Code   102  queue.o(i.xQueueGenericCreateStatic)
    xQueueGenericReset                       0x0800724d   Thumb Code   132  queue.o(i.xQueueGenericReset)
    xQueueGenericSend                        0x080072d5   Thumb Code   346  queue.o(i.xQueueGenericSend)
    xQueueGenericSendFromISR                 0x08007435   Thumb Code   188  queue.o(i.xQueueGenericSendFromISR)
    xQueueReceive                            0x080074f1   Thumb Code   308  queue.o(i.xQueueReceive)
    xTaskCheckForTimeOut                     0x08007629   Thumb Code   112  tasks.o(i.xTaskCheckForTimeOut)
    xTaskCreate                              0x0800769d   Thumb Code    90  tasks.o(i.xTaskCreate)
    xTaskCreateStatic                        0x080076f7   Thumb Code    86  tasks.o(i.xTaskCreateStatic)
    xTaskGetSchedulerState                   0x0800774d   Thumb Code    22  tasks.o(i.xTaskGetSchedulerState)
    xTaskGetTickCount                        0x08007769   Thumb Code     6  tasks.o(i.xTaskGetTickCount)
    xTaskIncrementTick                       0x08007775   Thumb Code   190  tasks.o(i.xTaskIncrementTick)
    xTaskPriorityDisinherit                  0x0800783d   Thumb Code   118  tasks.o(i.xTaskPriorityDisinherit)
    xTaskRemoveFromEventList                 0x080078bd   Thumb Code    98  tasks.o(i.xTaskRemoveFromEventList)
    xTaskResumeAll                           0x0800792d   Thumb Code   182  tasks.o(i.xTaskResumeAll)
    xTimerCreateTimerTask                    0x080079f1   Thumb Code    78  timers.o(i.xTimerCreateTimerTask)
    xTimerGenericCommand                     0x08007a51   Thumb Code    98  timers.o(i.xTimerGenericCommand)
    _get_lc_numeric                          0x08007ab9   Thumb Code    44  lc_numeric_c.o(locale$$code)
    __fpl_dretinf                            0x08007ae5   Thumb Code    12  dretinf.o(x$fpl$dretinf)
    __aeabi_f2d                              0x08007af1   Thumb Code     0  f2d.o(x$fpl$f2d)
    _f2d                                     0x08007af1   Thumb Code    86  f2d.o(x$fpl$f2d)
    __aeabi_ui2f                             0x08007b49   Thumb Code     0  fflt_clz.o(x$fpl$ffltu)
    _ffltu                                   0x08007b49   Thumb Code    38  fflt_clz.o(x$fpl$ffltu)
    __aeabi_fmul                             0x08007b71   Thumb Code     0  fmul.o(x$fpl$fmul)
    _fmul                                    0x08007b71   Thumb Code   258  fmul.o(x$fpl$fmul)
    __fpl_fnaninf                            0x08007c73   Thumb Code   140  fnaninf.o(x$fpl$fnaninf)
    __fpl_fretinf                            0x08007cff   Thumb Code    10  fretinf.o(x$fpl$fretinf)
    _printf_fp_dec                           0x08007d09   Thumb Code     4  printf1.o(x$fpl$printf1)
    __I$use$fp                               0x08007d0c   Number         0  usenofp.o(x$fpl$usenofp)
    defaultTask_attributes                   0x08007d0c   Data          36  main.o(.constdata)
    Task500ms_attributes                     0x08007d30   Data          36  main.o(.constdata)
    Task1000ms_attributes                    0x08007d54   Data          36  main.o(.constdata)
    Task1ms_attributes                       0x08007d78   Data          36  main.o(.constdata)
    AHBPrescTable                            0x08007dae   Data          16  system_stm32f1xx.o(.constdata)
    APBPrescTable                            0x08007dbe   Data           8  system_stm32f1xx.o(.constdata)
    Region$$Table$$Base                      0x08007e88   Number         0  anon$$obj.o(Region$$Table)
    Region$$Table$$Limit                     0x08007ea8   Number         0  anon$$obj.o(Region$$Table)
    errNum                                   0x20000000   Data           1  main.o(.data)
    defaultTaskHandle                        0x20000004   Data           4  main.o(.data)
    Task500msHandle                          0x20000008   Data           4  main.o(.data)
    Task1000msHandle                         0x2000000c   Data           4  main.o(.data)
    Task1msHandle                            0x20000010   Data           4  main.o(.data)
    uwTickFreq                               0x20000014   Data           1  stm32f1xx_hal.o(.data)
    uwTickPrio                               0x20000018   Data           4  stm32f1xx_hal.o(.data)
    uwTick                                   0x2000001c   Data           4  stm32f1xx_hal.o(.data)
    SystemCoreClock                          0x20000020   Data           4  system_stm32f1xx.o(.data)
    FS_Desc                                  0x20000024   Data          28  usbd_desc.o(.data)
    USBD_LangIDDesc                          0x20000040   Data           4  usbd_desc.o(.data)
    USBD_FS_DeviceDesc                       0x20000044   Data          18  usbd_desc.o(.data)
    USBD_StringSerial                        0x20000058   Data          26  usbd_desc.o(.data)
    USBD_Interface_fops_FS                   0x20000074   Data          16  usbd_cdc_if.o(.data)
    USBD_CDC_CfgHSDesc                       0x20000094   Data          67  usbd_cdc.o(.data)
    USBD_CDC_CfgFSDesc                       0x200000d8   Data          67  usbd_cdc.o(.data)
    USBD_CDC_OtherSpeedCfgDesc               0x2000011c   Data          67  usbd_cdc.o(.data)
    USBD_CDC                                 0x20000160   Data          56  usbd_cdc.o(.data)
    pxCurrentTCB                             0x20000198   Data           4  tasks.o(.data)
    hi2c1                                    0x20000210   Data          84  main.o(.bss)
    acc                                      0x20000264   Data          20  main.o(.bss)
    tx_buffer                                0x20000278   Data          64  main.o(.bss)
    htim1                                    0x200002b8   Data          72  stm32f1xx_hal_timebase_tim.o(.bss)
    hUsbDeviceFS                             0x20000300   Data         708  usb_device.o(.bss)
    USBD_StrDesc                             0x200005c4   Data         512  usbd_desc.o(.bss)
    UserRxBufferFS                           0x200007c4   Data        1024  usbd_cdc_if.o(.bss)
    UserTxBufferFS                           0x20000bc4   Data        1024  usbd_cdc_if.o(.bss)
    hpcd_USB_FS                              0x200011e4   Data         752  usbd_conf.o(.bss)
    xQueueRegistry                           0x200014d4   Data          64  queue.o(.bss)
    __libspace_start                         0x20002da8   Data          96  libspace.o(.bss)
    __temporary_stack_top$libspace           0x20002e08   Data           0  libspace.o(.bss)



==============================================================================

Memory Map of the image

  Image Entry point : 0x080000ed

  Load Region LR_IROM1 (Base: 0x08000000, Size: 0x000080d4, Max: 0x00010000, ABSOLUTE, COMPRESSED[0x00007f88])

    Execution Region ER_IROM1 (Exec base: 0x08000000, Load base: 0x08000000, Size: 0x00007ec4, Max: 0x00010000, ABSOLUTE)

    Exec Addr    Load Addr    Size         Type   Attr      Idx    E Section Name        Object

    0x08000000   0x08000000   0x000000ec   Data   RO            3    RESET               startup_stm32f103xb.o
    0x080000ec   0x080000ec   0x00000008   Code   RO         5836  * !!!main             c_w.l(__main.o)
    0x080000f4   0x080000f4   0x00000034   Code   RO         6070    !!!scatter          c_w.l(__scatter.o)
    0x08000128   0x08000128   0x0000005a   Code   RO         6068    !!dczerorl2         c_w.l(__dczerorl2.o)
    0x08000182   0x08000182   0x00000002   PAD
    0x08000184   0x08000184   0x0000001c   Code   RO         6072    !!handler_zi        c_w.l(__scatter_zi.o)
    0x080001a0   0x080001a0   0x00000000   Code   RO         5821    .ARM.Collect$$_printf_percent$$00000000  c_w.l(_printf_percent.o)
    0x080001a0   0x080001a0   0x00000006   Code   RO         5820    .ARM.Collect$$_printf_percent$$00000003  c_w.l(_printf_f.o)
    0x080001a6   0x080001a6   0x00000004   Code   RO         5857    .ARM.Collect$$_printf_percent$$00000017  c_w.l(_printf_percent_end.o)
    0x080001aa   0x080001aa   0x00000002   Code   RO         5939    .ARM.Collect$$libinit$$00000000  c_w.l(libinit.o)
    0x080001ac   0x080001ac   0x00000000   Code   RO         5941    .ARM.Collect$$libinit$$00000002  c_w.l(libinit2.o)
    0x080001ac   0x080001ac   0x00000000   Code   RO         5943    .ARM.Collect$$libinit$$00000004  c_w.l(libinit2.o)
    0x080001ac   0x080001ac   0x00000000   Code   RO         5946    .ARM.Collect$$libinit$$0000000A  c_w.l(libinit2.o)
    0x080001ac   0x080001ac   0x00000000   Code   RO         5948    .ARM.Collect$$libinit$$0000000C  c_w.l(libinit2.o)
    0x080001ac   0x080001ac   0x00000000   Code   RO         5950    .ARM.Collect$$libinit$$0000000E  c_w.l(libinit2.o)
    0x080001ac   0x080001ac   0x00000006   Code   RO         5951    .ARM.Collect$$libinit$$0000000F  c_w.l(libinit2.o)
    0x080001b2   0x080001b2   0x00000000   Code   RO         5953    .ARM.Collect$$libinit$$00000011  c_w.l(libinit2.o)
    0x080001b2   0x080001b2   0x00000000   Code   RO         5955    .ARM.Collect$$libinit$$00000013  c_w.l(libinit2.o)
    0x080001b2   0x080001b2   0x00000000   Code   RO         5957    .ARM.Collect$$libinit$$00000015  c_w.l(libinit2.o)
    0x080001b2   0x080001b2   0x0000000a   Code   RO         5958    .ARM.Collect$$libinit$$00000016  c_w.l(libinit2.o)
    0x080001bc   0x080001bc   0x00000000   Code   RO         5959    .ARM.Collect$$libinit$$00000017  c_w.l(libinit2.o)
    0x080001bc   0x080001bc   0x00000000   Code   RO         5961    .ARM.Collect$$libinit$$00000019  c_w.l(libinit2.o)
    0x080001bc   0x080001bc   0x00000000   Code   RO         5963    .ARM.Collect$$libinit$$0000001B  c_w.l(libinit2.o)
    0x080001bc   0x080001bc   0x00000000   Code   RO         5965    .ARM.Collect$$libinit$$0000001D  c_w.l(libinit2.o)
    0x080001bc   0x080001bc   0x00000000   Code   RO         5967    .ARM.Collect$$libinit$$0000001F  c_w.l(libinit2.o)
    0x080001bc   0x080001bc   0x00000000   Code   RO         5969    .ARM.Collect$$libinit$$00000021  c_w.l(libinit2.o)
    0x080001bc   0x080001bc   0x00000000   Code   RO         5971    .ARM.Collect$$libinit$$00000023  c_w.l(libinit2.o)
    0x080001bc   0x080001bc   0x00000000   Code   RO         5973    .ARM.Collect$$libinit$$00000025  c_w.l(libinit2.o)
    0x080001bc   0x080001bc   0x00000000   Code   RO         5977    .ARM.Collect$$libinit$$0000002C  c_w.l(libinit2.o)
    0x080001bc   0x080001bc   0x00000000   Code   RO         5979    .ARM.Collect$$libinit$$0000002E  c_w.l(libinit2.o)
    0x080001bc   0x080001bc   0x00000000   Code   RO         5981    .ARM.Collect$$libinit$$00000030  c_w.l(libinit2.o)
    0x080001bc   0x080001bc   0x00000000   Code   RO         5983    .ARM.Collect$$libinit$$00000032  c_w.l(libinit2.o)
    0x080001bc   0x080001bc   0x00000002   Code   RO         5984    .ARM.Collect$$libinit$$00000033  c_w.l(libinit2.o)
    0x080001be   0x080001be   0x00000002   Code   RO         6014    .ARM.Collect$$libshutdown$$00000000  c_w.l(libshutdown.o)
    0x080001c0   0x080001c0   0x00000000   Code   RO         6025    .ARM.Collect$$libshutdown$$00000002  c_w.l(libshutdown2.o)
    0x080001c0   0x080001c0   0x00000000   Code   RO         6027    .ARM.Collect$$libshutdown$$00000004  c_w.l(libshutdown2.o)
    0x080001c0   0x080001c0   0x00000000   Code   RO         6029    .ARM.Collect$$libshutdown$$00000006  c_w.l(libshutdown2.o)
    0x080001c0   0x080001c0   0x00000000   Code   RO         6032    .ARM.Collect$$libshutdown$$00000009  c_w.l(libshutdown2.o)
    0x080001c0   0x080001c0   0x00000000   Code   RO         6035    .ARM.Collect$$libshutdown$$0000000C  c_w.l(libshutdown2.o)
    0x080001c0   0x080001c0   0x00000000   Code   RO         6037    .ARM.Collect$$libshutdown$$0000000E  c_w.l(libshutdown2.o)
    0x080001c0   0x080001c0   0x00000000   Code   RO         6040    .ARM.Collect$$libshutdown$$00000011  c_w.l(libshutdown2.o)
    0x080001c0   0x080001c0   0x00000002   Code   RO         6041    .ARM.Collect$$libshutdown$$00000012  c_w.l(libshutdown2.o)
    0x080001c2   0x080001c2   0x00000000   Code   RO         5850    .ARM.Collect$$rtentry$$00000000  c_w.l(__rtentry.o)
    0x080001c2   0x080001c2   0x00000000   Code   RO         5868    .ARM.Collect$$rtentry$$00000002  c_w.l(__rtentry2.o)
    0x080001c2   0x080001c2   0x00000006   Code   RO         5880    .ARM.Collect$$rtentry$$00000004  c_w.l(__rtentry4.o)
    0x080001c8   0x080001c8   0x00000000   Code   RO         5870    .ARM.Collect$$rtentry$$00000009  c_w.l(__rtentry2.o)
    0x080001c8   0x080001c8   0x00000004   Code   RO         5871    .ARM.Collect$$rtentry$$0000000A  c_w.l(__rtentry2.o)
    0x080001cc   0x080001cc   0x00000000   Code   RO         5873    .ARM.Collect$$rtentry$$0000000C  c_w.l(__rtentry2.o)
    0x080001cc   0x080001cc   0x00000008   Code   RO         5874    .ARM.Collect$$rtentry$$0000000D  c_w.l(__rtentry2.o)
    0x080001d4   0x080001d4   0x00000002   Code   RO         5985    .ARM.Collect$$rtexit$$00000000  c_w.l(rtexit.o)
    0x080001d6   0x080001d6   0x00000000   Code   RO         5992    .ARM.Collect$$rtexit$$00000002  c_w.l(rtexit2.o)
    0x080001d6   0x080001d6   0x00000004   Code   RO         5993    .ARM.Collect$$rtexit$$00000003  c_w.l(rtexit2.o)
    0x080001da   0x080001da   0x00000006   Code   RO         5994    .ARM.Collect$$rtexit$$00000004  c_w.l(rtexit2.o)
    0x080001e0   0x080001e0   0x00000096   Code   RO         5713    .emb_text           port.o
    0x08000276   0x08000276   0x00000002   PAD
    0x08000278   0x08000278   0x00000040   Code   RO            4    .text               startup_stm32f103xb.o
    0x080002b8   0x080002b8   0x00000028   Code   RO         5796    .text               c_w.l(noretval__2sprintf.o)
    0x080002e0   0x080002e0   0x0000010e   Code   RO         5808    .text               c_w.l(__printf_wp.o)
    0x080003ee   0x080003ee   0x0000003e   Code   RO         5822    .text               c_w.l(strlen.o)
    0x0800042c   0x0800042c   0x0000008a   Code   RO         5824    .text               c_w.l(rt_memcpy_v6.o)
    0x080004b6   0x080004b6   0x00000064   Code   RO         5826    .text               c_w.l(rt_memcpy_w.o)
    0x0800051a   0x0800051a   0x00000010   Code   RO         5830    .text               c_w.l(aeabi_memset.o)
    0x0800052a   0x0800052a   0x0000004e   Code   RO         5832    .text               c_w.l(rt_memclr_w.o)
    0x08000578   0x08000578   0x00000006   Code   RO         5834    .text               c_w.l(heapauxi.o)
    0x0800057e   0x0800057e   0x0000041e   Code   RO         5851    .text               c_w.l(_printf_fp_dec.o)
    0x0800099c   0x0800099c   0x00000030   Code   RO         5853    .text               c_w.l(_printf_char_common.o)
    0x080009cc   0x080009cc   0x0000000a   Code   RO         5855    .text               c_w.l(_sputc.o)
    0x080009d6   0x080009d6   0x00000044   Code   RO         5858    .text               c_w.l(rt_memclr.o)
    0x08000a1a   0x08000a1a   0x00000002   PAD
    0x08000a1c   0x08000a1c   0x00000008   Code   RO         5885    .text               c_w.l(rt_locale_intlibspace.o)
    0x08000a24   0x08000a24   0x0000008a   Code   RO         5887    .text               c_w.l(lludiv10.o)
    0x08000aae   0x08000aae   0x00000002   PAD
    0x08000ab0   0x08000ab0   0x00000080   Code   RO         5889    .text               c_w.l(_printf_fp_infnan.o)
    0x08000b30   0x08000b30   0x000000e4   Code   RO         5893    .text               c_w.l(bigflt0.o)
    0x08000c14   0x08000c14   0x00000008   Code   RO         5925    .text               c_w.l(libspace.o)
    0x08000c1c   0x08000c1c   0x0000004a   Code   RO         5928    .text               c_w.l(sys_stackheap_outer.o)
    0x08000c66   0x08000c66   0x00000012   Code   RO         5930    .text               c_w.l(exit.o)
    0x08000c78   0x08000c78   0x00000080   Code   RO         5932    .text               c_w.l(strcmpv7m.o)
    0x08000cf8   0x08000cf8   0x0000000c   Code   RO         6004    .text               c_w.l(sys_exit.o)
    0x08000d04   0x08000d04   0x00000002   Code   RO         6015    .text               c_w.l(use_no_semi.o)
    0x08000d06   0x08000d06   0x00000000   Code   RO         6017    .text               c_w.l(indicate_semi.o)
    0x08000d06   0x08000d06   0x0000003e   Code   RO         5896    CL$$btod_d2e        c_w.l(btod.o)
    0x08000d44   0x08000d44   0x00000046   Code   RO         5898    CL$$btod_d2e_denorm_low  c_w.l(btod.o)
    0x08000d8a   0x08000d8a   0x00000060   Code   RO         5897    CL$$btod_d2e_norm_op1  c_w.l(btod.o)
    0x08000dea   0x08000dea   0x00000338   Code   RO         5906    CL$$btod_div_common  c_w.l(btod.o)
    0x08001122   0x08001122   0x000000dc   Code   RO         5903    CL$$btod_e2e        c_w.l(btod.o)
    0x080011fe   0x080011fe   0x0000002a   Code   RO         5900    CL$$btod_ediv       c_w.l(btod.o)
    0x08001228   0x08001228   0x0000002a   Code   RO         5899    CL$$btod_emul       c_w.l(btod.o)
    0x08001252   0x08001252   0x00000244   Code   RO         5905    CL$$btod_mult_common  c_w.l(btod.o)
    0x08001496   0x08001496   0x00000002   PAD
    0x08001498   0x08001498   0x000000cc   Code   RO           13    i.ADXL357_INIT      adxl357.o
    0x08001564   0x08001564   0x000000c4   Code   RO           14    i.ADXL357_ReadAcc   adxl357.o
    0x08001628   0x08001628   0x0000001c   Code   RO           15    i.ADXL357_ReadRegister  adxl357.o
    0x08001644   0x08001644   0x00000018   Code   RO           16    i.ADXL357_ReadRegisters  adxl357.o
    0x0800165c   0x0800165c   0x0000001c   Code   RO           17    i.ADXL357_WriteRegister  adxl357.o
    0x08001678   0x08001678   0x00000002   Code   RO          335    i.BusFault_Handler  stm32f1xx_it.o
    0x0800167a   0x0800167a   0x00000004   Code   RO         3541    i.CDC_Control_FS    usbd_cdc_if.o
    0x0800167e   0x0800167e   0x00000004   Code   RO         3542    i.CDC_DeInit_FS     usbd_cdc_if.o
    0x08001682   0x08001682   0x00000002   PAD
    0x08001684   0x08001684   0x00000024   Code   RO         3543    i.CDC_Init_FS       usbd_cdc_if.o
    0x080016a8   0x080016a8   0x00000018   Code   RO         3544    i.CDC_Receive_FS    usbd_cdc_if.o
    0x080016c0   0x080016c0   0x0000002c   Code   RO         3545    i.CDC_Transmit_FS   usbd_cdc_if.o
    0x080016ec   0x080016ec   0x00000002   Code   RO          336    i.DebugMon_Handler  stm32f1xx_it.o
    0x080016ee   0x080016ee   0x00000006   Code   RO          337    i.EXTI1_IRQHandler  stm32f1xx_it.o
    0x080016f4   0x080016f4   0x00000004   Code   RO          160    i.Error_Handler     main.o
    0x080016f8   0x080016f8   0x00000098   Code   RO         1381    i.HAL_DMA_Abort_IT  stm32f1xx_hal_dma.o
    0x08001790   0x08001790   0x00000006   Code   RO         1384    i.HAL_DMA_GetState  stm32f1xx_hal_dma.o
    0x08001796   0x08001796   0x00000002   Code   RO         1314    i.HAL_GPIO_EXTI_Callback  stm32f1xx_hal_gpio.o
    0x08001798   0x08001798   0x00000018   Code   RO         1315    i.HAL_GPIO_EXTI_IRQHandler  stm32f1xx_hal_gpio.o
    0x080017b0   0x080017b0   0x000001e0   Code   RO         1316    i.HAL_GPIO_Init     stm32f1xx_hal_gpio.o
    0x08001990   0x08001990   0x00000010   Code   RO         1319    i.HAL_GPIO_TogglePin  stm32f1xx_hal_gpio.o
    0x080019a0   0x080019a0   0x0000000a   Code   RO         1320    i.HAL_GPIO_WritePin  stm32f1xx_hal_gpio.o
    0x080019aa   0x080019aa   0x00000002   PAD
    0x080019ac   0x080019ac   0x0000000c   Code   RO         1010    i.HAL_GetTick       stm32f1xx_hal.o
    0x080019b8   0x080019b8   0x00000002   Code   RO         1976    i.HAL_I2C_AbortCpltCallback  stm32f1xx_hal_i2c.o
    0x080019ba   0x080019ba   0x00000002   Code   RO         1977    i.HAL_I2C_AddrCallback  stm32f1xx_hal_i2c.o
    0x080019bc   0x080019bc   0x000000c4   Code   RO         1980    i.HAL_I2C_ER_IRQHandler  stm32f1xx_hal_i2c.o
    0x08001a80   0x08001a80   0x00000230   Code   RO         1981    i.HAL_I2C_EV_IRQHandler  stm32f1xx_hal_i2c.o
    0x08001cb0   0x08001cb0   0x00000002   Code   RO         1983    i.HAL_I2C_ErrorCallback  stm32f1xx_hal_i2c.o
    0x08001cb2   0x08001cb2   0x00000002   PAD
    0x08001cb4   0x08001cb4   0x00000188   Code   RO         1987    i.HAL_I2C_Init      stm32f1xx_hal_i2c.o
    0x08001e3c   0x08001e3c   0x00000002   Code   RO         1989    i.HAL_I2C_ListenCpltCallback  stm32f1xx_hal_i2c.o
    0x08001e3e   0x08001e3e   0x00000002   Code   RO         1990    i.HAL_I2C_MasterRxCpltCallback  stm32f1xx_hal_i2c.o
    0x08001e40   0x08001e40   0x00000002   Code   RO         1991    i.HAL_I2C_MasterTxCpltCallback  stm32f1xx_hal_i2c.o
    0x08001e42   0x08001e42   0x00000002   Code   RO         2003    i.HAL_I2C_MemRxCpltCallback  stm32f1xx_hal_i2c.o
    0x08001e44   0x08001e44   0x00000002   Code   RO         2004    i.HAL_I2C_MemTxCpltCallback  stm32f1xx_hal_i2c.o
    0x08001e46   0x08001e46   0x00000002   PAD
    0x08001e48   0x08001e48   0x00000250   Code   RO         2005    i.HAL_I2C_Mem_Read  stm32f1xx_hal_i2c.o
    0x08002098   0x08002098   0x00000130   Code   RO         2008    i.HAL_I2C_Mem_Write  stm32f1xx_hal_i2c.o
    0x080021c8   0x080021c8   0x0000007c   Code   RO          424    i.HAL_I2C_MspInit   stm32f1xx_hal_msp.o
    0x08002244   0x08002244   0x00000002   Code   RO         2013    i.HAL_I2C_SlaveRxCpltCallback  stm32f1xx_hal_i2c.o
    0x08002246   0x08002246   0x00000002   Code   RO         2014    i.HAL_I2C_SlaveTxCpltCallback  stm32f1xx_hal_i2c.o
    0x08002248   0x08002248   0x00000010   Code   RO         1016    i.HAL_IncTick       stm32f1xx_hal.o
    0x08002258   0x08002258   0x00000024   Code   RO         1017    i.HAL_Init          stm32f1xx_hal.o
    0x0800227c   0x0800227c   0x0000008c   Code   RO          459    i.HAL_InitTick      stm32f1xx_hal_timebase_tim.o
    0x08002308   0x08002308   0x00000048   Code   RO          425    i.HAL_MspInit       stm32f1xx_hal_msp.o
    0x08002350   0x08002350   0x0000001a   Code   RO         1476    i.HAL_NVIC_EnableIRQ  stm32f1xx_hal_cortex.o
    0x0800236a   0x0800236a   0x00000002   PAD
    0x0800236c   0x0800236c   0x00000040   Code   RO         1482    i.HAL_NVIC_SetPriority  stm32f1xx_hal_cortex.o
    0x080023ac   0x080023ac   0x00000024   Code   RO         1483    i.HAL_NVIC_SetPriorityGrouping  stm32f1xx_hal_cortex.o
    0x080023d0   0x080023d0   0x0000003c   Code   RO          773    i.HAL_PCDEx_PMAConfig  stm32f1xx_hal_pcd_ex.o
    0x0800240c   0x0800240c   0x00000002   Code   RO         3593    i.HAL_PCDEx_SetConnectionState  usbd_conf.o
    0x0800240e   0x0800240e   0x00000012   Code   RO         3595    i.HAL_PCD_DataInStageCallback  usbd_conf.o
    0x08002420   0x08002420   0x00000014   Code   RO         3596    i.HAL_PCD_DataOutStageCallback  usbd_conf.o
    0x08002434   0x08002434   0x0000004c   Code   RO          544    i.HAL_PCD_EP_Close  stm32f1xx_hal_pcd.o
    0x08002480   0x08002480   0x0000005c   Code   RO          545    i.HAL_PCD_EP_ClrStall  stm32f1xx_hal_pcd.o
    0x080024dc   0x080024dc   0x000000e6   Code   RO          546    i.HAL_PCD_EP_DB_Receive  stm32f1xx_hal_pcd.o
    0x080025c2   0x080025c2   0x00000338   Code   RO          547    i.HAL_PCD_EP_DB_Transmit  stm32f1xx_hal_pcd.o
    0x080028fa   0x080028fa   0x00000012   Code   RO          549    i.HAL_PCD_EP_GetRxCount  stm32f1xx_hal_pcd.o
    0x0800290c   0x0800290c   0x0000005a   Code   RO          550    i.HAL_PCD_EP_Open   stm32f1xx_hal_pcd.o
    0x08002966   0x08002966   0x0000002e   Code   RO          551    i.HAL_PCD_EP_Receive  stm32f1xx_hal_pcd.o
    0x08002994   0x08002994   0x00000072   Code   RO          552    i.HAL_PCD_EP_SetStall  stm32f1xx_hal_pcd.o
    0x08002a06   0x08002a06   0x00000030   Code   RO          553    i.HAL_PCD_EP_Transmit  stm32f1xx_hal_pcd.o
    0x08002a36   0x08002a36   0x00000002   PAD
    0x08002a38   0x08002a38   0x00000134   Code   RO          555    i.HAL_PCD_IRQHandler  stm32f1xx_hal_pcd.o
    0x08002b6c   0x08002b6c   0x000000da   Code   RO          558    i.HAL_PCD_Init      stm32f1xx_hal_pcd.o
    0x08002c46   0x08002c46   0x00000002   PAD
    0x08002c48   0x08002c48   0x0000003c   Code   RO         3601    i.HAL_PCD_MspInit   usbd_conf.o
    0x08002c84   0x08002c84   0x00000026   Code   RO         3602    i.HAL_PCD_ResetCallback  usbd_conf.o
    0x08002caa   0x08002caa   0x00000008   Code   RO         3603    i.HAL_PCD_ResumeCallback  usbd_conf.o
    0x08002cb2   0x08002cb2   0x00000008   Code   RO         3604    i.HAL_PCD_SOFCallback  usbd_conf.o
    0x08002cba   0x08002cba   0x00000028   Code   RO          564    i.HAL_PCD_SetAddress  stm32f1xx_hal_pcd.o
    0x08002ce2   0x08002ce2   0x0000000e   Code   RO         3605    i.HAL_PCD_SetupStageCallback  usbd_conf.o
    0x08002cf0   0x08002cf0   0x00000032   Code   RO          566    i.HAL_PCD_Start     stm32f1xx_hal_pcd.o
    0x08002d22   0x08002d22   0x00000002   PAD
    0x08002d24   0x08002d24   0x00000024   Code   RO         3606    i.HAL_PCD_SuspendCallback  usbd_conf.o
    0x08002d48   0x08002d48   0x000000ec   Code   RO         1278    i.HAL_RCCEx_PeriphCLKConfig  stm32f1xx_hal_rcc_ex.o
    0x08002e34   0x08002e34   0x0000012c   Code   RO         1174    i.HAL_RCC_ClockConfig  stm32f1xx_hal_rcc.o
    0x08002f60   0x08002f60   0x00000040   Code   RO         1178    i.HAL_RCC_GetClockConfig  stm32f1xx_hal_rcc.o
    0x08002fa0   0x08002fa0   0x00000020   Code   RO         1181    i.HAL_RCC_GetPCLK1Freq  stm32f1xx_hal_rcc.o
    0x08002fc0   0x08002fc0   0x00000020   Code   RO         1182    i.HAL_RCC_GetPCLK2Freq  stm32f1xx_hal_rcc.o
    0x08002fe0   0x08002fe0   0x0000004c   Code   RO         1183    i.HAL_RCC_GetSysClockFreq  stm32f1xx_hal_rcc.o
    0x0800302c   0x0800302c   0x00000320   Code   RO         1186    i.HAL_RCC_OscConfig  stm32f1xx_hal_rcc.o
    0x0800334c   0x0800334c   0x00000002   Code   RO         3119    i.HAL_TIMEx_BreakCallback  stm32f1xx_hal_tim_ex.o
    0x0800334e   0x0800334e   0x00000002   Code   RO         3120    i.HAL_TIMEx_CommutCallback  stm32f1xx_hal_tim_ex.o
    0x08003350   0x08003350   0x0000005a   Code   RO         2415    i.HAL_TIM_Base_Init  stm32f1xx_hal_tim.o
    0x080033aa   0x080033aa   0x00000002   Code   RO         2417    i.HAL_TIM_Base_MspInit  stm32f1xx_hal_tim.o
    0x080033ac   0x080033ac   0x00000058   Code   RO         2420    i.HAL_TIM_Base_Start_IT  stm32f1xx_hal_tim.o
    0x08003404   0x08003404   0x00000002   Code   RO         2449    i.HAL_TIM_IC_CaptureCallback  stm32f1xx_hal_tim.o
    0x08003406   0x08003406   0x00000166   Code   RO         2463    i.HAL_TIM_IRQHandler  stm32f1xx_hal_tim.o
    0x0800356c   0x0800356c   0x00000002   Code   RO         2466    i.HAL_TIM_OC_DelayElapsedCallback  stm32f1xx_hal_tim.o
    0x0800356e   0x0800356e   0x00000002   Code   RO         2493    i.HAL_TIM_PWM_PulseFinishedCallback  stm32f1xx_hal_tim.o
    0x08003570   0x08003570   0x00000014   Code   RO          161    i.HAL_TIM_PeriodElapsedCallback  main.o
    0x08003584   0x08003584   0x00000002   Code   RO         2506    i.HAL_TIM_TriggerCallback  stm32f1xx_hal_tim.o
    0x08003586   0x08003586   0x00000002   Code   RO          338    i.HardFault_Handler  stm32f1xx_it.o
    0x08003588   0x08003588   0x0000000c   Code   RO          339    i.I2C1_ER_IRQHandler  stm32f1xx_it.o
    0x08003594   0x08003594   0x0000000c   Code   RO          340    i.I2C1_EV_IRQHandler  stm32f1xx_it.o
    0x080035a0   0x080035a0   0x000000bc   Code   RO         2025    i.I2C_DMAAbort      stm32f1xx_hal_i2c.o
    0x0800365c   0x0800365c   0x00000010   Code   RO         2028    i.I2C_Flush_DR      stm32f1xx_hal_i2c.o
    0x0800366c   0x0800366c   0x00000158   Code   RO         2029    i.I2C_ITError       stm32f1xx_hal_i2c.o
    0x080037c4   0x080037c4   0x0000002e   Code   RO         2030    i.I2C_IsAcknowledgeFailed  stm32f1xx_hal_i2c.o
    0x080037f2   0x080037f2   0x000000d2   Code   RO         2031    i.I2C_MasterReceive_BTF  stm32f1xx_hal_i2c.o
    0x080038c4   0x080038c4   0x000000e8   Code   RO         2032    i.I2C_MasterReceive_RXNE  stm32f1xx_hal_i2c.o
    0x080039ac   0x080039ac   0x00000082   Code   RO         2035    i.I2C_MasterTransmit_BTF  stm32f1xx_hal_i2c.o
    0x08003a2e   0x08003a2e   0x00000002   PAD
    0x08003a30   0x08003a30   0x000000b6   Code   RO         2036    i.I2C_MasterTransmit_TXE  stm32f1xx_hal_i2c.o
    0x08003ae6   0x08003ae6   0x00000002   PAD
    0x08003ae8   0x08003ae8   0x00000158   Code   RO         2037    i.I2C_Master_ADDR   stm32f1xx_hal_i2c.o
    0x08003c40   0x08003c40   0x0000008c   Code   RO         2038    i.I2C_Master_SB     stm32f1xx_hal_i2c.o
    0x08003ccc   0x08003ccc   0x000000a8   Code   RO         2039    i.I2C_MemoryTransmit_TXE_BTF  stm32f1xx_hal_i2c.o
    0x08003d74   0x08003d74   0x000000fc   Code   RO         2040    i.I2C_RequestMemoryRead  stm32f1xx_hal_i2c.o
    0x08003e70   0x08003e70   0x000000a8   Code   RO         2041    i.I2C_RequestMemoryWrite  stm32f1xx_hal_i2c.o
    0x08003f18   0x08003f18   0x00000046   Code   RO         2042    i.I2C_Slave_ADDR    stm32f1xx_hal_i2c.o
    0x08003f5e   0x08003f5e   0x00000002   PAD
    0x08003f60   0x08003f60   0x00000090   Code   RO         2043    i.I2C_Slave_AF      stm32f1xx_hal_i2c.o
    0x08003ff0   0x08003ff0   0x0000015c   Code   RO         2044    i.I2C_Slave_STOPF   stm32f1xx_hal_i2c.o
    0x0800414c   0x0800414c   0x00000056   Code   RO         2045    i.I2C_WaitOnBTFFlagUntilTimeout  stm32f1xx_hal_i2c.o
    0x080041a2   0x080041a2   0x00000002   PAD
    0x080041a4   0x080041a4   0x00000090   Code   RO         2046    i.I2C_WaitOnFlagUntilTimeout  stm32f1xx_hal_i2c.o
    0x08004234   0x08004234   0x000000bc   Code   RO         2047    i.I2C_WaitOnMasterAddressFlagUntilTimeout  stm32f1xx_hal_i2c.o
    0x080042f0   0x080042f0   0x00000070   Code   RO         2048    i.I2C_WaitOnRXNEFlagUntilTimeout  stm32f1xx_hal_i2c.o
    0x08004360   0x08004360   0x00000056   Code   RO         2049    i.I2C_WaitOnTXEFlagUntilTimeout  stm32f1xx_hal_i2c.o
    0x080043b6   0x080043b6   0x00000002   PAD
    0x080043b8   0x080043b8   0x00000038   Code   RO         3455    i.IntToUnicode      usbd_desc.o
    0x080043f0   0x080043f0   0x000000a8   Code   RO          162    i.MX_GPIO_Init      main.o
    0x08004498   0x08004498   0x00000054   Code   RO         3424    i.MX_USB_DEVICE_Init  usb_device.o
    0x080044ec   0x080044ec   0x00000002   Code   RO          341    i.MemManage_Handler  stm32f1xx_it.o
    0x080044ee   0x080044ee   0x00000002   Code   RO          342    i.NMI_Handler       stm32f1xx_it.o
    0x080044f0   0x080044f0   0x000003ac   Code   RO          570    i.PCD_EP_ISR_Handler  stm32f1xx_hal_pcd.o
    0x0800489c   0x0800489c   0x0000000c   Code   RO          163    i.StartDefaultTask  main.o
    0x080048a8   0x080048a8   0x0000002c   Code   RO         5714    i.SysTick_Handler   port.o
    0x080048d4   0x080048d4   0x00000076   Code   RO          164    i.SystemClock_Config  main.o
    0x0800494a   0x0800494a   0x00000002   Code   RO         3387    i.SystemInit        system_stm32f1xx.o
    0x0800494c   0x0800494c   0x0000000c   Code   RO          343    i.TIM1_UP_IRQHandler  stm32f1xx_it.o
    0x08004958   0x08004958   0x0000006c   Code   RO         2508    i.TIM_Base_SetConfig  stm32f1xx_hal_tim.o
    0x080049c4   0x080049c4   0x0000008c   Code   RO          165    i.Task1000msHadler  main.o
    0x08004a50   0x08004a50   0x0000001c   Code   RO          166    i.Task1msHandler    main.o
    0x08004a6c   0x08004a6c   0x00000028   Code   RO          167    i.Task500msHadler   main.o
    0x08004a94   0x08004a94   0x00000046   Code   RO         4068    i.USBD_CDC_DataIn   usbd_cdc.o
    0x08004ada   0x08004ada   0x0000002e   Code   RO         4069    i.USBD_CDC_DataOut  usbd_cdc.o
    0x08004b08   0x08004b08   0x00000044   Code   RO         4070    i.USBD_CDC_DeInit   usbd_cdc.o
    0x08004b4c   0x08004b4c   0x00000024   Code   RO         4071    i.USBD_CDC_EP0_RxReady  usbd_cdc.o
    0x08004b70   0x08004b70   0x0000000c   Code   RO         4072    i.USBD_CDC_GetDeviceQualifierDescriptor  usbd_cdc.o
    0x08004b7c   0x08004b7c   0x0000000c   Code   RO         4073    i.USBD_CDC_GetFSCfgDesc  usbd_cdc.o
    0x08004b88   0x08004b88   0x0000000c   Code   RO         4074    i.USBD_CDC_GetHSCfgDesc  usbd_cdc.o
    0x08004b94   0x08004b94   0x0000000c   Code   RO         4075    i.USBD_CDC_GetOtherSpeedCfgDesc  usbd_cdc.o
    0x08004ba0   0x08004ba0   0x00000094   Code   RO         4076    i.USBD_CDC_Init     usbd_cdc.o
    0x08004c34   0x08004c34   0x00000028   Code   RO         4077    i.USBD_CDC_ReceivePacket  usbd_cdc.o
    0x08004c5c   0x08004c5c   0x00000010   Code   RO         4078    i.USBD_CDC_RegisterInterface  usbd_cdc.o
    0x08004c6c   0x08004c6c   0x0000000c   Code   RO         4079    i.USBD_CDC_SetRxBuffer  usbd_cdc.o
    0x08004c78   0x08004c78   0x00000010   Code   RO         4080    i.USBD_CDC_SetTxBuffer  usbd_cdc.o
    0x08004c88   0x08004c88   0x000000ac   Code   RO         4081    i.USBD_CDC_Setup    usbd_cdc.o
    0x08004d34   0x08004d34   0x00000036   Code   RO         4082    i.USBD_CDC_TransmitPacket  usbd_cdc.o
    0x08004d6a   0x08004d6a   0x0000000e   Code   RO         3805    i.USBD_ClrClassConfig  usbd_core.o
    0x08004d78   0x08004d78   0x00000010   Code   RO         4008    i.USBD_CtlContinueRx  usbd_ioreq.o
    0x08004d88   0x08004d88   0x00000010   Code   RO         4009    i.USBD_CtlContinueSendData  usbd_ioreq.o
    0x08004d98   0x08004d98   0x00000016   Code   RO         3943    i.USBD_CtlError     usbd_ctlreq.o
    0x08004dae   0x08004dae   0x0000001e   Code   RO         4010    i.USBD_CtlPrepareRx  usbd_ioreq.o
    0x08004dcc   0x08004dcc   0x00000016   Code   RO         4011    i.USBD_CtlReceiveStatus  usbd_ioreq.o
    0x08004de2   0x08004de2   0x0000001a   Code   RO         4012    i.USBD_CtlSendData  usbd_ioreq.o
    0x08004dfc   0x08004dfc   0x00000016   Code   RO         4013    i.USBD_CtlSendStatus  usbd_ioreq.o
    0x08004e12   0x08004e12   0x00000002   PAD
    0x08004e14   0x08004e14   0x00000020   Code   RO         3456    i.USBD_FS_ConfigStrDescriptor  usbd_desc.o
    0x08004e34   0x08004e34   0x0000000c   Code   RO         3457    i.USBD_FS_DeviceDescriptor  usbd_desc.o
    0x08004e40   0x08004e40   0x00000024   Code   RO         3458    i.USBD_FS_InterfaceStrDescriptor  usbd_desc.o
    0x08004e64   0x08004e64   0x0000000c   Code   RO         3459    i.USBD_FS_LangIDStrDescriptor  usbd_desc.o
    0x08004e70   0x08004e70   0x00000028   Code   RO         3460    i.USBD_FS_ManufacturerStrDescriptor  usbd_desc.o
    0x08004e98   0x08004e98   0x0000002c   Code   RO         3461    i.USBD_FS_ProductStrDescriptor  usbd_desc.o
    0x08004ec4   0x08004ec4   0x00000038   Code   RO         3462    i.USBD_FS_SerialStrDescriptor  usbd_desc.o
    0x08004efc   0x08004efc   0x000000e8   Code   RO         3944    i.USBD_GetDescriptor  usbd_ctlreq.o
    0x08004fe4   0x08004fe4   0x00000048   Code   RO         3945    i.USBD_GetString    usbd_ctlreq.o
    0x0800502c   0x0800502c   0x00000018   Code   RO         3607    i.USBD_Get_USB_Status  usbd_conf.o
    0x08005044   0x08005044   0x0000002a   Code   RO         3807    i.USBD_Init         usbd_core.o
    0x0800506e   0x0800506e   0x00000012   Code   RO         3608    i.USBD_LL_ClearStallEP  usbd_conf.o
    0x08005080   0x08005080   0x00000012   Code   RO         3609    i.USBD_LL_CloseEP   usbd_conf.o
    0x08005092   0x08005092   0x000000c6   Code   RO         3808    i.USBD_LL_DataInStage  usbd_core.o
    0x08005158   0x08005158   0x00000082   Code   RO         3809    i.USBD_LL_DataOutStage  usbd_core.o
    0x080051da   0x080051da   0x00000008   Code   RO         3613    i.USBD_LL_GetRxDataSize  usbd_conf.o
    0x080051e2   0x080051e2   0x00000002   PAD
    0x080051e4   0x080051e4   0x00000080   Code   RO         3614    i.USBD_LL_Init      usbd_conf.o
    0x08005264   0x08005264   0x00000020   Code   RO         3615    i.USBD_LL_IsStallEP  usbd_conf.o
    0x08005284   0x08005284   0x00000018   Code   RO         3616    i.USBD_LL_OpenEP    usbd_conf.o
    0x0800529c   0x0800529c   0x00000012   Code   RO         3617    i.USBD_LL_PrepareReceive  usbd_conf.o
    0x080052ae   0x080052ae   0x00000050   Code   RO         3814    i.USBD_LL_Reset     usbd_core.o
    0x080052fe   0x080052fe   0x00000014   Code   RO         3815    i.USBD_LL_Resume    usbd_core.o
    0x08005312   0x08005312   0x00000018   Code   RO         3816    i.USBD_LL_SOF       usbd_core.o
    0x0800532a   0x0800532a   0x00000006   Code   RO         3817    i.USBD_LL_SetSpeed  usbd_core.o
    0x08005330   0x08005330   0x00000012   Code   RO         3618    i.USBD_LL_SetUSBAddress  usbd_conf.o
    0x08005342   0x08005342   0x0000005a   Code   RO         3818    i.USBD_LL_SetupStage  usbd_core.o
    0x0800539c   0x0800539c   0x00000012   Code   RO         3619    i.USBD_LL_StallEP   usbd_conf.o
    0x080053ae   0x080053ae   0x00000012   Code   RO         3620    i.USBD_LL_Start     usbd_conf.o
    0x080053c0   0x080053c0   0x00000012   Code   RO         3819    i.USBD_LL_Suspend   usbd_core.o
    0x080053d2   0x080053d2   0x00000012   Code   RO         3622    i.USBD_LL_Transmit  usbd_conf.o
    0x080053e4   0x080053e4   0x00000028   Code   RO         3946    i.USBD_ParseSetupRequest  usbd_ctlreq.o
    0x0800540c   0x0800540c   0x00000010   Code   RO         3820    i.USBD_RegisterClass  usbd_core.o
    0x0800541c   0x0800541c   0x00000016   Code   RO         3822    i.USBD_SetClassConfig  usbd_core.o
    0x08005432   0x08005432   0x00000002   PAD
    0x08005434   0x08005434   0x00000084   Code   RO         3947    i.USBD_SetConfig    usbd_ctlreq.o
    0x080054b8   0x080054b8   0x0000000a   Code   RO         3823    i.USBD_Start        usbd_core.o
    0x080054c2   0x080054c2   0x00000112   Code   RO         3948    i.USBD_StdDevReq    usbd_ctlreq.o
    0x080055d4   0x080055d4   0x00000150   Code   RO         3949    i.USBD_StdEPReq     usbd_ctlreq.o
    0x08005724   0x08005724   0x0000004e   Code   RO         3950    i.USBD_StdItfReq    usbd_ctlreq.o
    0x08005772   0x08005772   0x00000002   Code   RO         3623    i.USBD_static_free  usbd_conf.o
    0x08005774   0x08005774   0x00000008   Code   RO         3624    i.USBD_static_malloc  usbd_conf.o
    0x0800577c   0x0800577c   0x0000029c   Code   RO          813    i.USB_ActivateEndpoint  stm32f1xx_ll_usb.o
    0x08005a18   0x08005a18   0x00000004   Code   RO          816    i.USB_CoreInit      stm32f1xx_ll_usb.o
    0x08005a1c   0x08005a1c   0x0000010e   Code   RO          818    i.USB_DeactivateEndpoint  stm32f1xx_ll_usb.o
    0x08005b2a   0x08005b2a   0x00000004   Code   RO          819    i.USB_DevConnect    stm32f1xx_ll_usb.o
    0x08005b2e   0x08005b2e   0x00000004   Code   RO          820    i.USB_DevDisconnect  stm32f1xx_ll_usb.o
    0x08005b32   0x08005b32   0x00000012   Code   RO          821    i.USB_DevInit       stm32f1xx_ll_usb.o
    0x08005b44   0x08005b44   0x0000000e   Code   RO          822    i.USB_DisableGlobalInt  stm32f1xx_ll_usb.o
    0x08005b52   0x08005b52   0x00000004   Code   RO          823    i.USB_EP0_OutStart  stm32f1xx_ll_usb.o
    0x08005b56   0x08005b56   0x00000078   Code   RO          824    i.USB_EPClearStall  stm32f1xx_ll_usb.o
    0x08005bce   0x08005bce   0x00000032   Code   RO          825    i.USB_EPSetStall    stm32f1xx_ll_usb.o
    0x08005c00   0x08005c00   0x000004e2   Code   RO          826    i.USB_EPStartXfer   stm32f1xx_ll_usb.o
    0x080060e2   0x080060e2   0x00000012   Code   RO          828    i.USB_EnableGlobalInt  stm32f1xx_ll_usb.o
    0x080060f4   0x080060f4   0x0000000c   Code   RO          344    i.USB_LP_CAN1_RX0_IRQHandler  stm32f1xx_it.o
    0x08006100   0x08006100   0x00000006   Code   RO          835    i.USB_ReadInterrupts  stm32f1xx_ll_usb.o
    0x08006106   0x08006106   0x00000002   PAD
    0x08006108   0x08006108   0x0000002c   Code   RO          836    i.USB_ReadPMA       stm32f1xx_ll_usb.o
    0x08006134   0x08006134   0x00000004   Code   RO          837    i.USB_SetCurrentMode  stm32f1xx_ll_usb.o
    0x08006138   0x08006138   0x0000000c   Code   RO          838    i.USB_SetDevAddress  stm32f1xx_ll_usb.o
    0x08006144   0x08006144   0x00000026   Code   RO          840    i.USB_WritePMA      stm32f1xx_ll_usb.o
    0x0800616a   0x0800616a   0x00000002   Code   RO          345    i.UsageFault_Handler  stm32f1xx_it.o
    0x0800616c   0x0800616c   0x00000028   Code   RO         5923    i.__ARM_fpclassify  m_ws.l(fpclassify.o)
    0x08006194   0x08006194   0x00000020   Code   RO         1489    i.__NVIC_SetPriority  stm32f1xx_hal_cortex.o
    0x080061b4   0x080061b4   0x0000000e   Code   RO         5810    i._is_digit         c_w.l(__printf_wp.o)
    0x080061c2   0x080061c2   0x00000002   PAD
    0x080061c4   0x080061c4   0x00000130   Code   RO          168    i.main              main.o
    0x080062f4   0x080062f4   0x00000034   Code   RO         5243    i.osDelay           cmsis_os2.o
    0x08006328   0x08006328   0x00000038   Code   RO         5257    i.osKernelInitialize  cmsis_os2.o
    0x08006360   0x08006360   0x00000040   Code   RO         5260    i.osKernelStart     cmsis_os2.o
    0x080063a0   0x080063a0   0x000000a4   Code   RO         5294    i.osThreadNew       cmsis_os2.o
    0x08006444   0x08006444   0x0000005c   Code   RO         4739    i.prvAddCurrentTaskToDelayedList  tasks.o
    0x080064a0   0x080064a0   0x000000d0   Code   RO         4740    i.prvAddNewTaskToReadyList  tasks.o
    0x08006570   0x08006570   0x00000058   Code   RO         5089    i.prvCheckForValidListAndQueue  timers.o
    0x080065c8   0x080065c8   0x00000026   Code   RO         4342    i.prvCopyDataFromQueue  queue.o
    0x080065ee   0x080065ee   0x0000006c   Code   RO         4343    i.prvCopyDataToQueue  queue.o
    0x0800665a   0x0800665a   0x00000034   Code   RO         4741    i.prvDeleteTCB      tasks.o
    0x0800668e   0x0800668e   0x00000002   PAD
    0x08006690   0x08006690   0x0000004c   Code   RO         5664    i.prvHeapInit       heap_4.o
    0x080066dc   0x080066dc   0x00000060   Code   RO         4742    i.prvIdleTask       tasks.o
    0x0800673c   0x0800673c   0x00000022   Code   RO         4345    i.prvInitialiseNewQueue  queue.o
    0x0800675e   0x0800675e   0x0000009c   Code   RO         4743    i.prvInitialiseNewTask  tasks.o
    0x080067fa   0x080067fa   0x00000002   PAD
    0x080067fc   0x080067fc   0x0000004c   Code   RO         5665    i.prvInsertBlockIntoFreeList  heap_4.o
    0x08006848   0x08006848   0x00000038   Code   RO         5091    i.prvInsertTimerInActiveList  timers.o
    0x08006880   0x08006880   0x0000001c   Code   RO         4346    i.prvIsQueueEmpty   queue.o
    0x0800689c   0x0800689c   0x000000cc   Code   RO         5092    i.prvProcessReceivedCommands  timers.o
    0x08006968   0x08006968   0x000000b4   Code   RO         5093    i.prvProcessTimerOrBlockTask  timers.o
    0x08006a1c   0x08006a1c   0x00000020   Code   RO         4745    i.prvResetNextTaskUnblockTime  tasks.o
    0x08006a3c   0x08006a3c   0x00000028   Code   RO         5094    i.prvSampleTimeNow  timers.o
    0x08006a64   0x08006a64   0x0000006c   Code   RO         5095    i.prvSwitchTimerLists  timers.o
    0x08006ad0   0x08006ad0   0x00000028   Code   RO         5715    i.prvTaskExitError  port.o
    0x08006af8   0x08006af8   0x00000024   Code   RO         5096    i.prvTimerTask      timers.o
    0x08006b1c   0x08006b1c   0x0000006a   Code   RO         4347    i.prvUnlockQueue    queue.o
    0x08006b86   0x08006b86   0x00000002   PAD
    0x08006b88   0x08006b88   0x000000d8   Code   RO         5666    i.pvPortMalloc      heap_4.o
    0x08006c60   0x08006c60   0x00000024   Code   RO         5716    i.pxPortInitialiseStack  port.o
    0x08006c84   0x08006c84   0x00000026   Code   RO         4302    i.uxListRemove      list.o
    0x08006caa   0x08006caa   0x00000002   PAD
    0x08006cac   0x08006cac   0x00000014   Code   RO         5306    i.vApplicationGetIdleTaskMemory  cmsis_os2.o
    0x08006cc0   0x08006cc0   0x00000018   Code   RO         5307    i.vApplicationGetTimerTaskMemory  cmsis_os2.o
    0x08006cd8   0x08006cd8   0x00000016   Code   RO         4303    i.vListInitialise   list.o
    0x08006cee   0x08006cee   0x00000006   Code   RO         4304    i.vListInitialiseItem  list.o
    0x08006cf4   0x08006cf4   0x00000030   Code   RO         4305    i.vListInsert       list.o
    0x08006d24   0x08006d24   0x00000018   Code   RO         4306    i.vListInsertEnd    list.o
    0x08006d3c   0x08006d3c   0x00000040   Code   RO         5718    i.vPortEnterCritical  port.o
    0x08006d7c   0x08006d7c   0x00000028   Code   RO         5719    i.vPortExitCritical  port.o
    0x08006da4   0x08006da4   0x0000005c   Code   RO         5667    i.vPortFree         heap_4.o
    0x08006e00   0x08006e00   0x00000024   Code   RO         5720    i.vPortSetupTimerInterrupt  port.o
    0x08006e24   0x08006e24   0x00000054   Code   RO         5721    i.vPortValidateInterruptPriority  port.o
    0x08006e78   0x08006e78   0x00000028   Code   RO         4353    i.vQueueAddToRegistry  queue.o
    0x08006ea0   0x08006ea0   0x00000044   Code   RO         4357    i.vQueueWaitForMessageRestricted  queue.o
    0x08006ee4   0x08006ee4   0x0000004c   Code   RO         4757    i.vTaskDelay        tasks.o
    0x08006f30   0x08006f30   0x0000008c   Code   RO         4758    i.vTaskDelayUntil   tasks.o
    0x08006fbc   0x08006fbc   0x00000010   Code   RO         4762    i.vTaskInternalSetTimeOutState  tasks.o
    0x08006fcc   0x08006fcc   0x0000000c   Code   RO         4763    i.vTaskMissedYield  tasks.o
    0x08006fd8   0x08006fd8   0x00000030   Code   RO         4765    i.vTaskPlaceOnEventList  tasks.o
    0x08007008   0x08007008   0x00000038   Code   RO         4766    i.vTaskPlaceOnEventListRestricted  tasks.o
    0x08007040   0x08007040   0x00000088   Code   RO         4774    i.vTaskStartScheduler  tasks.o
    0x080070c8   0x080070c8   0x00000010   Code   RO         4776    i.vTaskSuspendAll   tasks.o
    0x080070d8   0x080070d8   0x00000064   Code   RO         4777    i.vTaskSwitchContext  tasks.o
    0x0800713c   0x0800713c   0x000000a8   Code   RO         5722    i.xPortStartScheduler  port.o
    0x080071e4   0x080071e4   0x00000066   Code   RO         4363    i.xQueueGenericCreateStatic  queue.o
    0x0800724a   0x0800724a   0x00000002   PAD
    0x0800724c   0x0800724c   0x00000088   Code   RO         4364    i.xQueueGenericReset  queue.o
    0x080072d4   0x080072d4   0x00000160   Code   RO         4365    i.xQueueGenericSend  queue.o
    0x08007434   0x08007434   0x000000bc   Code   RO         4366    i.xQueueGenericSendFromISR  queue.o
    0x080074f0   0x080074f0   0x00000138   Code   RO         4375    i.xQueueReceive     queue.o
    0x08007628   0x08007628   0x00000074   Code   RO         4778    i.xTaskCheckForTimeOut  tasks.o
    0x0800769c   0x0800769c   0x0000005a   Code   RO         4779    i.xTaskCreate       tasks.o
    0x080076f6   0x080076f6   0x00000056   Code   RO         4780    i.xTaskCreateStatic  tasks.o
    0x0800774c   0x0800774c   0x0000001c   Code   RO         4784    i.xTaskGetSchedulerState  tasks.o
    0x08007768   0x08007768   0x0000000c   Code   RO         4785    i.xTaskGetTickCount  tasks.o
    0x08007774   0x08007774   0x000000c8   Code   RO         4787    i.xTaskIncrementTick  tasks.o
    0x0800783c   0x0800783c   0x00000080   Code   RO         4790    i.xTaskPriorityDisinherit  tasks.o
    0x080078bc   0x080078bc   0x00000070   Code   RO         4792    i.xTaskRemoveFromEventList  tasks.o
    0x0800792c   0x0800792c   0x000000c4   Code   RO         4793    i.xTaskResumeAll    tasks.o
    0x080079f0   0x080079f0   0x00000060   Code   RO         5103    i.xTimerCreateTimerTask  timers.o
    0x08007a50   0x08007a50   0x00000068   Code   RO         5104    i.xTimerGenericCommand  timers.o
    0x08007ab8   0x08007ab8   0x0000002c   Code   RO         5919    locale$$code        c_w.l(lc_numeric_c.o)
    0x08007ae4   0x08007ae4   0x0000000c   Code   RO         5860    x$fpl$dretinf       fz_ws.l(dretinf.o)
    0x08007af0   0x08007af0   0x00000056   Code   RO         5838    x$fpl$f2d           fz_ws.l(f2d.o)
    0x08007b46   0x08007b46   0x00000002   PAD
    0x08007b48   0x08007b48   0x00000026   Code   RO         5840    x$fpl$ffltu         fz_ws.l(fflt_clz.o)
    0x08007b6e   0x08007b6e   0x00000002   PAD
    0x08007b70   0x08007b70   0x00000102   Code   RO         5846    x$fpl$fmul          fz_ws.l(fmul.o)
    0x08007c72   0x08007c72   0x0000008c   Code   RO         5862    x$fpl$fnaninf       fz_ws.l(fnaninf.o)
    0x08007cfe   0x08007cfe   0x0000000a   Code   RO         5864    x$fpl$fretinf       fz_ws.l(fretinf.o)
    0x08007d08   0x08007d08   0x00000004   Code   RO         5848    x$fpl$printf1       fz_ws.l(printf1.o)
    0x08007d0c   0x08007d0c   0x00000000   Code   RO         5866    x$fpl$usenofp       fz_ws.l(usenofp.o)
    0x08007d0c   0x08007d0c   0x00000090   Data   RO          170    .constdata          main.o
    0x08007d9c   0x08007d9c   0x00000012   Data   RO         1187    .constdata          stm32f1xx_hal_rcc.o
    0x08007dae   0x08007dae   0x00000010   Data   RO         3388    .constdata          system_stm32f1xx.o
    0x08007dbe   0x08007dbe   0x00000008   Data   RO         3389    .constdata          system_stm32f1xx.o
    0x08007dc6   0x08007dc6   0x00000002   PAD
    0x08007dc8   0x08007dc8   0x00000094   Data   RO         5894    .constdata          c_w.l(bigflt0.o)
    0x08007e5c   0x08007e5c   0x0000002c   Data   RO          171    .conststring        main.o
    0x08007e88   0x08007e88   0x00000020   Data   RO         6066    Region$$Table       anon$$obj.o
    0x08007ea8   0x08007ea8   0x0000001c   Data   RO         5918    locale$$data        c_w.l(lc_numeric_c.o)


    Execution Region RW_IRAM1 (Exec base: 0x20000000, Load base: 0x08007ec4, Size: 0x00003408, Max: 0x00005000, ABSOLUTE, COMPRESSED[0x000000c4])

    Exec Addr    Load Addr    Size         Type   Attr      Idx    E Section Name        Object

    0x20000000   COMPRESSED   0x00000014   Data   RW          172    .data               main.o
    0x20000014   COMPRESSED   0x0000000c   Data   RW         1024    .data               stm32f1xx_hal.o
    0x20000020   COMPRESSED   0x00000004   Data   RW         3390    .data               system_stm32f1xx.o
    0x20000024   COMPRESSED   0x0000001c   Data   RW         3464    .data               usbd_desc.o
    0x20000040   COMPRESSED   0x00000032   Data   RW         3465    .data               usbd_desc.o
    0x20000072   COMPRESSED   0x00000002   PAD
    0x20000074   COMPRESSED   0x00000010   Data   RW         3547    .data               usbd_cdc_if.o
    0x20000084   COMPRESSED   0x00000001   Data   RW         3951    .data               usbd_ctlreq.o
    0x20000085   COMPRESSED   0x00000003   PAD
    0x20000088   COMPRESSED   0x000000d7   Data   RW         4083    .data               usbd_cdc.o
    0x2000015f   COMPRESSED   0x00000001   PAD
    0x20000160   COMPRESSED   0x00000038   Data   RW         4084    .data               usbd_cdc.o
    0x20000198   COMPRESSED   0x0000003c   Data   RW         4796    .data               tasks.o
    0x200001d4   COMPRESSED   0x00000014   Data   RW         5112    .data               timers.o
    0x200001e8   COMPRESSED   0x00000004   Data   RW         5309    .data               cmsis_os2.o
    0x200001ec   COMPRESSED   0x00000018   Data   RW         5672    .data               heap_4.o
    0x20000204   COMPRESSED   0x0000000c   Data   RW         5723    .data               port.o
    0x20000210        -       0x000000a8   Zero   RW          169    .bss                main.o
    0x200002b8        -       0x00000048   Zero   RW          462    .bss                stm32f1xx_hal_timebase_tim.o
    0x20000300        -       0x000002c4   Zero   RW         3425    .bss                usb_device.o
    0x200005c4        -       0x00000200   Zero   RW         3463    .bss                usbd_desc.o
    0x200007c4        -       0x00000800   Zero   RW         3546    .bss                usbd_cdc_if.o
    0x20000fc4        -       0x00000510   Zero   RW         3625    .bss                usbd_conf.o
    0x200014d4        -       0x00000040   Zero   RW         4379    .bss                queue.o
    0x20001514        -       0x000004c4   Zero   RW         4795    .bss                tasks.o
    0x200019d8        -       0x00000118   Zero   RW         5111    .bss                timers.o
    0x20001af0        -       0x000006b8   Zero   RW         5308    .bss                cmsis_os2.o
    0x200021a8        -       0x00000c00   Zero   RW         5671    .bss                heap_4.o
    0x20002da8        -       0x00000060   Zero   RW         5926    .bss                c_w.l(libspace.o)
    0x20002e08        -       0x00000200   Zero   RW            2    HEAP                startup_stm32f103xb.o
    0x20003008        -       0x00000400   Zero   RW            1    STACK               startup_stm32f103xb.o


==============================================================================

Image component sizes


      Code (inc. data)   RO Data    RW Data    ZI Data      Debug   Object Name

       480         16          0          0          0     444216   adxl357.o
       380         32          0          4       1720      14142   cmsis_os2.o
         0          0          0          0          0      20080   event_groups.o
       460         24          0         24       3072       4563   heap_4.o
       138          0          0          0          0       3286   list.o
       834        218        188         20        168      25019   main.o
       662         70          0         12          0      10601   port.o
      1512         20          0          0         64      16624   queue.o
        64         26        236          0       1536        792   startup_stm32f103xb.o
        64         14          0         12          0       4534   stm32f1xx_hal.o
       158         14          0          0          0      28090   stm32f1xx_hal_cortex.o
       158          4          0          0          0       1602   stm32f1xx_hal_dma.o
       532         40          0          0          0       4501   stm32f1xx_hal_gpio.o
      5662         94          0          0          0      31712   stm32f1xx_hal_i2c.o
       196         22          0          0          0       1512   stm32f1xx_hal_msp.o
      3094          0          0          0          0      14033   stm32f1xx_hal_pcd.o
        60          0          0          0          0       1138   stm32f1xx_hal_pcd_ex.o
      1304         94         18          0          0       5613   stm32f1xx_hal_rcc.o
       236         12          0          0          0       1348   stm32f1xx_hal_rcc_ex.o
       654         26          0          0          0       6888   stm32f1xx_hal_tim.o
         4          0          0          0          0       1525   stm32f1xx_hal_tim_ex.o
       140         22          0          0         72       1371   stm32f1xx_hal_timebase_tim.o
        66         24          0          0          0       4580   stm32f1xx_it.o
      2528          0          0          0          0      15795   stm32f1xx_ll_usb.o
         0          0          0          0          0       8876   stream_buffer.o
         2          0         24          4          0       1059   system_stm32f1xx.o
      2204        178          0         60       1220      23878   tasks.o
       912         82          0         20        280      25719   timers.o
        84         18          0          0        708        756   usb_device.o
       726         16          0        271          0      12722   usbd_cdc.o
       112         22          0         16       2048       3144   usbd_cdc_if.o
       556         30          0          0       1296      13745   usbd_conf.o
       670          0          0          0          0       9207   usbd_core.o
      1186         28          0          1          0       7760   usbd_ctlreq.o
       288        104          0         78        512       5745   usbd_desc.o
       132          0          0          0          0       4196   usbd_ioreq.o

    ----------------------------------------------------------------------
     26304       1250        500        528      12696     780372   Object Totals
         0          0         32          0          0          0   (incl. Generated)
        46          0          2          6          0          0   (incl. Padding)

    ----------------------------------------------------------------------

      Code (inc. data)   RO Data    RW Data    ZI Data      Debug   Library Member Name

        90          0          0          0          0          0   __dczerorl2.o
         8          0          0          0          0         68   __main.o
       284          0          0          0          0        156   __printf_wp.o
         0          0          0          0          0          0   __rtentry.o
        12          0          0          0          0          0   __rtentry2.o
         6          0          0          0          0          0   __rtentry4.o
        52          8          0          0          0          0   __scatter.o
        28          0          0          0          0          0   __scatter_zi.o
        48          6          0          0          0         96   _printf_char_common.o
         6          0          0          0          0          0   _printf_f.o
      1054          0          0          0          0        216   _printf_fp_dec.o
       128         16          0          0          0         84   _printf_fp_infnan.o
         0          0          0          0          0          0   _printf_percent.o
         4          0          0          0          0          0   _printf_percent_end.o
        10          0          0          0          0         68   _sputc.o
        16          0          0          0          0         68   aeabi_memset.o
       228          4        148          0          0         96   bigflt0.o
      1936        128          0          0          0        672   btod.o
        18          0          0          0          0         80   exit.o
         6          0          0          0          0        152   heapauxi.o
         0          0          0          0          0          0   indicate_semi.o
        44         10         28          0          0         76   lc_numeric_c.o
         2          0          0          0          0          0   libinit.o
        18          0          0          0          0          0   libinit2.o
         2          0          0          0          0          0   libshutdown.o
         2          0          0          0          0          0   libshutdown2.o
         8          4          0          0         96         68   libspace.o
       138          0          0          0          0         80   lludiv10.o
        40          6          0          0          0         84   noretval__2sprintf.o
         8          4          0          0          0         68   rt_locale_intlibspace.o
        68          0          0          0          0         68   rt_memclr.o
        78          0          0          0          0         80   rt_memclr_w.o
       138          0          0          0          0         68   rt_memcpy_v6.o
       100          0          0          0          0         80   rt_memcpy_w.o
         2          0          0          0          0          0   rtexit.o
        10          0          0          0          0          0   rtexit2.o
       128          0          0          0          0         68   strcmpv7m.o
        62          0          0          0          0         76   strlen.o
        12          4          0          0          0         68   sys_exit.o
        74          0          0          0          0         80   sys_stackheap_outer.o
         2          0          0          0          0         68   use_no_semi.o
        12          0          0          0          0         68   dretinf.o
        86          4          0          0          0         84   f2d.o
        38          0          0          0          0         68   fflt_clz.o
       258          4          0          0          0         84   fmul.o
       140          4          0          0          0         84   fnaninf.o
        10          0          0          0          0         68   fretinf.o
         4          0          0          0          0         68   printf1.o
         0          0          0          0          0          0   usenofp.o
        40          0          0          0          0         68   fpclassify.o

    ----------------------------------------------------------------------
      5472        202        176          0         96       3380   Library Totals
        14          0          0          0          0          0   (incl. Padding)

    ----------------------------------------------------------------------

      Code (inc. data)   RO Data    RW Data    ZI Data      Debug   Library Name

      4870        190        176          0         96       2788   c_w.l
       548         12          0          0          0        524   fz_ws.l
        40          0          0          0          0         68   m_ws.l

    ----------------------------------------------------------------------
      5472        202        176          0         96       3380   Library Totals

    ----------------------------------------------------------------------

==============================================================================


      Code (inc. data)   RO Data    RW Data    ZI Data      Debug   

     31776       1452        676        528      12792     767628   Grand Totals
     31776       1452        676        196      12792     767628   ELF Image Totals (compressed)
     31776       1452        676        196          0          0   ROM Totals

==============================================================================

    Total RO  Size (Code + RO Data)                32452 (  31.69kB)
    Total RW  Size (RW Data + ZI Data)             13320 (  13.01kB)
    Total ROM Size (Code + RO Data + RW Data)      32648 (  31.88kB)

==============================================================================

